Archive member included to satisfy reference by file (symbol)

c:/st/stm32cubeide_1.8.0/stm32cubeide/plugins/com.st.stm32cube.ide.mcu.externaltools.gnu-tools-for-stm32.9-2020-q2-update.win32_2.0.0.202105311346/tools/bin/../lib/gcc/arm-none-eabi/9.3.1/../../../../arm-none-eabi/lib/thumb/v7e-m+fp/hard\libc_nano.a(lib_a-errno.o)
                              ./Core/Src/syscalls.o (__errno)
c:/st/stm32cubeide_1.8.0/stm32cubeide/plugins/com.st.stm32cube.ide.mcu.externaltools.gnu-tools-for-stm32.9-2020-q2-update.win32_2.0.0.202105311346/tools/bin/../lib/gcc/arm-none-eabi/9.3.1/../../../../arm-none-eabi/lib/thumb/v7e-m+fp/hard\libc_nano.a(lib_a-exit.o)
                              c:/st/stm32cubeide_1.8.0/stm32cubeide/plugins/com.st.stm32cube.ide.mcu.externaltools.gnu-tools-for-stm32.9-2020-q2-update.win32_2.0.0.202105311346/tools/bin/../lib/gcc/arm-none-eabi/9.3.1/../../../../arm-none-eabi/lib/thumb/v7e-m+fp/hard/crt0.o (exit)
c:/st/stm32cubeide_1.8.0/stm32cubeide/plugins/com.st.stm32cube.ide.mcu.externaltools.gnu-tools-for-stm32.9-2020-q2-update.win32_2.0.0.202105311346/tools/bin/../lib/gcc/arm-none-eabi/9.3.1/../../../../arm-none-eabi/lib/thumb/v7e-m+fp/hard\libc_nano.a(lib_a-impure.o)
                              c:/st/stm32cubeide_1.8.0/stm32cubeide/plugins/com.st.stm32cube.ide.mcu.externaltools.gnu-tools-for-stm32.9-2020-q2-update.win32_2.0.0.202105311346/tools/bin/../lib/gcc/arm-none-eabi/9.3.1/../../../../arm-none-eabi/lib/thumb/v7e-m+fp/hard\libc_nano.a(lib_a-exit.o) (_global_impure_ptr)
c:/st/stm32cubeide_1.8.0/stm32cubeide/plugins/com.st.stm32cube.ide.mcu.externaltools.gnu-tools-for-stm32.9-2020-q2-update.win32_2.0.0.202105311346/tools/bin/../lib/gcc/arm-none-eabi/9.3.1/../../../../arm-none-eabi/lib/thumb/v7e-m+fp/hard\libc_nano.a(lib_a-init.o)
                              c:/st/stm32cubeide_1.8.0/stm32cubeide/plugins/com.st.stm32cube.ide.mcu.externaltools.gnu-tools-for-stm32.9-2020-q2-update.win32_2.0.0.202105311346/tools/bin/../lib/gcc/arm-none-eabi/9.3.1/../../../../arm-none-eabi/lib/thumb/v7e-m+fp/hard/crt0.o (__libc_init_array)
c:/st/stm32cubeide_1.8.0/stm32cubeide/plugins/com.st.stm32cube.ide.mcu.externaltools.gnu-tools-for-stm32.9-2020-q2-update.win32_2.0.0.202105311346/tools/bin/../lib/gcc/arm-none-eabi/9.3.1/../../../../arm-none-eabi/lib/thumb/v7e-m+fp/hard\libc_nano.a(lib_a-malloc.o)
                              ./Core/Src/File_Handling.o (malloc)
c:/st/stm32cubeide_1.8.0/stm32cubeide/plugins/com.st.stm32cube.ide.mcu.externaltools.gnu-tools-for-stm32.9-2020-q2-update.win32_2.0.0.202105311346/tools/bin/../lib/gcc/arm-none-eabi/9.3.1/../../../../arm-none-eabi/lib/thumb/v7e-m+fp/hard\libc_nano.a(lib_a-memcpy-stub.o)
                              ./Middlewares/ST/STM32_USB_Host_Library/Class/MSC/Src/usbh_msc.o (memcpy)
c:/st/stm32cubeide_1.8.0/stm32cubeide/plugins/com.st.stm32cube.ide.mcu.externaltools.gnu-tools-for-stm32.9-2020-q2-update.win32_2.0.0.202105311346/tools/bin/../lib/gcc/arm-none-eabi/9.3.1/../../../../arm-none-eabi/lib/thumb/v7e-m+fp/hard\libc_nano.a(lib_a-memset.o)
                              c:/st/stm32cubeide_1.8.0/stm32cubeide/plugins/com.st.stm32cube.ide.mcu.externaltools.gnu-tools-for-stm32.9-2020-q2-update.win32_2.0.0.202105311346/tools/bin/../lib/gcc/arm-none-eabi/9.3.1/../../../../arm-none-eabi/lib/thumb/v7e-m+fp/hard/crt0.o (memset)
c:/st/stm32cubeide_1.8.0/stm32cubeide/plugins/com.st.stm32cube.ide.mcu.externaltools.gnu-tools-for-stm32.9-2020-q2-update.win32_2.0.0.202105311346/tools/bin/../lib/gcc/arm-none-eabi/9.3.1/../../../../arm-none-eabi/lib/thumb/v7e-m+fp/hard\libc_nano.a(lib_a-nano-freer.o)
                              c:/st/stm32cubeide_1.8.0/stm32cubeide/plugins/com.st.stm32cube.ide.mcu.externaltools.gnu-tools-for-stm32.9-2020-q2-update.win32_2.0.0.202105311346/tools/bin/../lib/gcc/arm-none-eabi/9.3.1/../../../../arm-none-eabi/lib/thumb/v7e-m+fp/hard\libc_nano.a(lib_a-malloc.o) (_free_r)
c:/st/stm32cubeide_1.8.0/stm32cubeide/plugins/com.st.stm32cube.ide.mcu.externaltools.gnu-tools-for-stm32.9-2020-q2-update.win32_2.0.0.202105311346/tools/bin/../lib/gcc/arm-none-eabi/9.3.1/../../../../arm-none-eabi/lib/thumb/v7e-m+fp/hard\libc_nano.a(lib_a-nano-mallocr.o)
                              c:/st/stm32cubeide_1.8.0/stm32cubeide/plugins/com.st.stm32cube.ide.mcu.externaltools.gnu-tools-for-stm32.9-2020-q2-update.win32_2.0.0.202105311346/tools/bin/../lib/gcc/arm-none-eabi/9.3.1/../../../../arm-none-eabi/lib/thumb/v7e-m+fp/hard\libc_nano.a(lib_a-malloc.o) (_malloc_r)
c:/st/stm32cubeide_1.8.0/stm32cubeide/plugins/com.st.stm32cube.ide.mcu.externaltools.gnu-tools-for-stm32.9-2020-q2-update.win32_2.0.0.202105311346/tools/bin/../lib/gcc/arm-none-eabi/9.3.1/../../../../arm-none-eabi/lib/thumb/v7e-m+fp/hard\libc_nano.a(lib_a-sbrkr.o)
[...]
Memory Configuration

Name             Origin             Length             Attributes
RAM              0x0000000020000000 0x0000000000018000 xrw
RAM2             0x0000000010000000 0x0000000000008000 xrw
FLASH            0x0000000008000000 0x0000000000100000 xr
*default*        0x0000000000000000 0xffffffffffffffff

Linker script and memory map

LOAD c:/st/stm32cubeide_1.8.0/stm32cubeide/plugins/com.st.stm32cube.ide.mcu.externaltools.gnu-tools-for-stm32.9-2020-q2-update.win32_2.0.0.202105311346/tools/bin/../lib/gcc/arm-none-eabi/9.3.1/thumb/v7e-m+fp/hard/crti.o
LOAD c:/st/stm32cubeide_1.8.0/stm32cubeide/plugins/com.st.stm32cube.ide.mcu.externaltools.gnu-tools-for-stm32.9-2020-q2-update.win32_2.0.0.202105311346/tools/bin/../lib/gcc/arm-none-eabi/9.3.1/thumb/v7e-m+fp/hard/crtbegin.o
LOAD c:/st/stm32cubeide_1.8.0/stm32cubeide/plugins/com.st.stm32cube.ide.mcu.externaltools.gnu-tools-for-stm32.9-2020-q2-update.win32_2.0.0.202105311346/tools/bin/../lib/gcc/arm-none-eabi/9.3.1/../../../../arm-none-eabi/lib/thumb/v7e-m+fp/hard/crt0.o
LOAD ./Core/Src/File_Handling.o
LOAD ./Core/Src/main.o
LOAD ./Core/Src/stm32l4xx_hal_msp.o
LOAD ./Core/Src/stm32l4xx_it.o
LOAD ./Core/Src/syscalls.o
LOAD ./Core/Src/sysmem.o
LOAD ./Core/Src/system_stm32l4xx.o
LOAD ./Core/Startup/startup_stm32l476rgtx.o
LOAD ./Drivers/STM32L4xx_HAL_Driver/Src/stm32l4xx_hal.o
LOAD ./Drivers/STM32L4xx_HAL_Driver/Src/stm32l4xx_hal_cortex.o
LOAD ./Drivers/STM32L4xx_HAL_Driver/Src/stm32l4xx_hal_dma.o
LOAD ./Drivers/STM32L4xx_HAL_Driver/Src/stm32l4xx_hal_dma_ex.o
LOAD ./Drivers/STM32L4xx_HAL_Driver/Src/stm32l4xx_hal_exti.o
LOAD ./Drivers/STM32L4xx_HAL_Driver/Src/stm32l4xx_hal_flash.o
LOAD ./Drivers/STM32L4xx_HAL_Driver/Src/stm32l4xx_hal_flash_ex.o
LOAD ./Drivers/STM32L4xx_HAL_Driver/Src/stm32l4xx_hal_flash_ramfunc.o
LOAD ./Drivers/STM32L4xx_HAL_Driver/Src/stm32l4xx_hal_gpio.o
LOAD ./Drivers/STM32L4xx_HAL_Driver/Src/stm32l4xx_hal_hcd.o
LOAD ./Drivers/STM32L4xx_HAL_Driver/Src/stm32l4xx_hal_i2c.o
LOAD ./Drivers/STM32L4xx_HAL_Driver/Src/stm32l4xx_hal_i2c_ex.o
LOAD ./Drivers/STM32L4xx_HAL_Driver/Src/stm32l4xx_hal_pwr.o
LOAD ./Drivers/STM32L4xx_HAL_Driver/Src/stm32l4xx_hal_pwr_ex.o
LOAD ./Drivers/STM32L4xx_HAL_Driver/Src/stm32l4xx_hal_rcc.o
LOAD ./Drivers/STM32L4xx_HAL_Driver/Src/stm32l4xx_hal_rcc_ex.o
LOAD ./Drivers/STM32L4xx_HAL_Driver/Src/stm32l4xx_hal_tim.o
LOAD ./Drivers/STM32L4xx_HAL_Driver/Src/stm32l4xx_hal_tim_ex.o
LOAD ./Drivers/STM32L4xx_HAL_Driver/Src/stm32l4xx_hal_uart.o
LOAD ./Drivers/STM32L4xx_HAL_Driver/Src/stm32l4xx_hal_uart_ex.o
LOAD ./Drivers/STM32L4xx_HAL_Driver/Src/stm32l4xx_ll_usb.o
LOAD ./FATFS/App/fatfs.o
LOAD ./FATFS/Target/usbh_diskio.o
LOAD ./Middlewares/ST/STM32_USB_Host_Library/Class/MSC/Src/usbh_msc.o
LOAD ./Middlewares/ST/STM32_USB_Host_Library/Class/MSC/Src/usbh_msc_bot.o
LOAD ./Middlewares/ST/STM32_USB_Host_Library/Class/MSC/Src/usbh_msc_scsi.o
LOAD ./Middlewares/ST/STM32_USB_Host_Library/Core/Src/usbh_core.o
LOAD ./Middlewares/ST/STM32_USB_Host_Library/Core/Src/usbh_ctlreq.o
LOAD ./Middlewares/ST/STM32_USB_Host_Library/Core/Src/usbh_ioreq.o
LOAD ./Middlewares/ST/STM32_USB_Host_Library/Core/Src/usbh_pipes.o
LOAD ./Middlewares/Third_Party/FatFs/src/diskio.o
LOAD ./Middlewares/Third_Party/FatFs/src/ff.o
LOAD ./Middlewares/Third_Party/FatFs/src/ff_gen_drv.o
LOAD ./Middlewares/Third_Party/FatFs/src/option/ccsbcs.o
LOAD ./Middlewares/Third_Party/FatFs/src/option/syscall.o
LOAD ./USB_HOST/App/usb_host.o
LOAD ./USB_HOST/Target/usbh_conf.o
START GROUP
LOAD c:/st/stm32cubeide_1.8.0/stm32cubeide/plugins/com.st.stm32cube.ide.mcu.externaltools.gnu-tools-for-stm32.9-2020-q2-update.win32_2.0.0.202105311346/tools/bin/../lib/gcc/arm-none-eabi/9.3.1/../../../../arm-none-eabi/lib/thumb/v7e-m+fp/hard\libc_nano.a
LOAD c:/st/stm32cubeide_1.8.0/stm32cubeide/plugins/com.st.stm32cube.ide.mcu.externaltools.gnu-tools-for-stm32.9-2020-q2-update.win32_2.0.0.202105311346/tools/bin/../lib/gcc/arm-none-eabi/9.3.1/../../../../arm-none-eabi/lib/thumb/v7e-m+fp/hard\libm.a
END GROUP
START GROUP
LOAD c:/st/stm32cubeide_1.8.0/stm32cubeide/plugins/com.st.stm32cube.ide.mcu.externaltools.gnu-tools-for-stm32.9-2020-q2-update.win32_2.0.0.202105311346/tools/bin/../lib/gcc/arm-none-eabi/9.3.1/thumb/v7e-m+fp/hard\libgcc.a
LOAD c:/st/stm32cubeide_1.8.0/stm32cubeide/plugins/com.st.stm32cube.ide.mcu.externaltools.gnu-tools-for-stm32.9-2020-q2-update.win32_2.0.0.202105311346/tools/bin/../lib/gcc/arm-none-eabi/9.3.1/../../../../arm-none-eabi/lib/thumb/v7e-m+fp/hard\libc_nano.a
END GROUP
START GROUP
LOAD c:/st/stm32cubeide_1.8.0/stm32cubeide/plugins/com.st.stm32cube.ide.mcu.externaltools.gnu-tools-for-stm32.9-2020-q2-update.win32_2.0.0.202105311346/tools/bin/../lib/gcc/arm-none-eabi/9.3.1/thumb/v7e-m+fp/hard\libgcc.a
LOAD c:/st/stm32cubeide_1.8.0/stm32cubeide/plugins/com.st.stm32cube.ide.mcu.externaltools.gnu-tools-for-stm32.9-2020-q2-update.win32_2.0.0.202105311346/tools/bin/../lib/gcc/arm-none-eabi/9.3.1/../../../../arm-none-eabi/lib/thumb/v7e-m+fp/hard\libc_nano.a
LOAD c:/st/stm32cubeide_1.8.0/stm32cubeide/plugins/com.st.stm32cube.ide.mcu.externaltools.gnu-tools-for-stm32.9-2020-q2-update.win32_2.0.0.202105311346/tools/bin/../lib/gcc/arm-none-eabi/9.3.1/../../../../arm-none-eabi/lib/thumb/v7e-m+fp/hard\libnosys.a
END GROUP
START GROUP
LOAD c:/st/stm32cubeide_1.8.0/stm32cubeide/plugins/com.st.stm32cube.ide.mcu.externaltools.gnu-tools-for-stm32.9-2020-q2-update.win32_2.0.0.202105311346/tools/bin/../lib/gcc/arm-none-eabi/9.3.1/thumb/v7e-m+fp/hard\libgcc.a
LOAD c:/st/stm32cubeide_1.8.0/stm32cubeide/plugins/com.st.stm32cube.ide.mcu.externaltools.gnu-tools-for-stm32.9-2020-q2-update.win32_2.0.0.202105311346/tools/bin/../lib/gcc/arm-none-eabi/9.3.1/../../../../arm-none-eabi/lib/thumb/v7e-m+fp/hard\libc_nano.a
LOAD c:/st/stm32cubeide_1.8.0/stm32cubeide/plugins/com.st.stm32cube.ide.mcu.externaltools.gnu-tools-for-stm32.9-2020-q2-update.win32_2.0.0.202105311346/tools/bin/../lib/gcc/arm-none-eabi/9.3.1/../../../../arm-none-eabi/lib/thumb/v7e-m+fp/hard\libnosys.a
END GROUP
LOAD c:/st/stm32cubeide_1.8.0/stm32cubeide/plugins/com.st.stm32cube.ide.mcu.externaltools.gnu-tools-for-stm32.9-2020-q2-update.win32_2.0.0.202105311346/tools/bin/../lib/gcc/arm-none-eabi/9.3.1/thumb/v7e-m+fp/hard/crtend.o
LOAD c:/st/stm32cubeide_1.8.0/stm32cubeide/plugins/com.st.stm32cube.ide.mcu.externaltools.gnu-tools-for-stm32.9-2020-q2-update.win32_2.0.0.202105311346/tools/bin/../lib/gcc/arm-none-eabi/9.3.1/thumb/v7e-m+fp/hard/crtn.o
                0x0000000020018000                _estack = (ORIGIN (RAM) + LENGTH (RAM))
                0x0000000000000200                _Min_Heap_Size = 0x200
                0x0000000000000400                _Min_Stack_Size = 0x400

.isr_vector     0x0000000008000000      0x188
                0x0000000008000000                . = ALIGN (0x4)
 *(.isr_vector)
 .isr_vector    0x0000000008000000      0x188 ./Core/Startup/startup_stm32l476rgtx.o
                0x0000000008000000                g_pfnVectors
                0x0000000008000188                . = ALIGN (0x4)

.text           0x0000000008000190     0xe428
                0x0000000008000190                . = ALIGN (0x4)
 *(.text)
 .text          0x0000000008000190       0x40 c:/st/stm32cubeide_1.8.0/stm32cubeide/plugins/com.st.stm32cube.ide.mcu.externaltools.gnu-tools-for-stm32.9-2020-q2-update.win32_2.0.0.202105311346/tools/bin/../lib/gcc/arm-none-eabi/9.3.1/thumb/v7e-m+fp/hard/crtbegin.o
 .text          0x00000000080001d0       0x14 c:/st/stm32cubeide_1.8.0/stm32cubeide/plugins/com.st.stm32cube.ide.mcu.externaltools.gnu-tools-for-stm32.9-2020-q2-update.win32_2.0.0.202105311346/tools/bin/../lib/gcc/arm-none-eabi/9.3.1/../../../../arm-none-eabi/lib/thumb/v7e-m+fp/hard\libc_nano.a(lib_a-strcmp.o)
                0x00000000080001d0                strcmp
 .text          0x00000000080001e4       0x10 c:/st/stm32cubeide_1.8.0/stm32cubeide/plugins/com.st.stm32cube.ide.mcu.externaltools.gnu-tools-for-stm32.9-2020-q2-update.win32_2.0.0.202105311346/tools/bin/../lib/gcc/arm-none-eabi/9.3.1/../../../../arm-none-eabi/lib/thumb/v7e-m+fp/hard\libc_nano.a(lib_a-strlen.o)
                0x00000000080001e4                strlen
 *fill*         0x00000000080001f4        0xc 
 .text          0x0000000008000200       0xa0 c:/st/stm32cubeide_1.8.0/stm32cubeide/plugins/com.st.stm32cube.ide.mcu.externaltools.gnu-tools-for-stm32.9-2020-q2-update.win32_2.0.0.202105311346/tools/bin/../lib/gcc/arm-none-eabi/9.3.1/../../../../arm-none-eabi/lib/thumb/v7e-m+fp/hard\libc_nano.a(lib_a-memchr.o)
                0x0000000008000200                memchr
 .text          0x00000000080002a0      0x254 c:/st/stm32cubeide_1.8.0/stm32cubeide/plugins/com.st.stm32cube.ide.mcu.externaltools.gnu-tools-for-stm32.9-2020-q2-update.win32_2.0.0.202105311346/tools/bin/../lib/gcc/arm-none-eabi/9.3.1/thumb/v7e-m+fp/hard\libgcc.a(_arm_muldf3.o)
                0x00000000080002a0                __muldf3
                0x00000000080002a0                __aeabi_dmul
 .text          0x00000000080004f4      0x378 c:/st/stm32cubeide_1.8.0/stm32cubeide/plugins/com.st.stm32cube.ide.mcu.externaltools.gnu-tools-for-stm32.9-2020-q2-update.win32_2.0.0.202105311346/tools/bin/../lib/gcc/arm-none-eabi/9.3.1/thumb/v7e-m+fp/hard\libgcc.a(_arm_addsubdf3.o)
                0x00000000080004f4                __aeabi_drsub
                0x00000000080004fc                __aeabi_dsub
                0x00000000080004fc                __subdf3
                0x0000000008000500                __aeabi_dadd
                0x0000000008000500                __adddf3
                0x0000000008000778                __floatunsidf
                0x0000000008000778                __aeabi_ui2d
                0x0000000008000798                __floatsidf
                0x0000000008000798                __aeabi_i2d
                0x00000000080007bc                __aeabi_f2d
                0x00000000080007bc                __extendsfdf2
                0x0000000008000800                __floatundidf
                0x0000000008000800                __aeabi_ul2d
                0x0000000008000810                __floatdidf
                0x0000000008000810                __aeabi_l2d
 .text          0x000000000800086c       0x40 c:/st/stm32cubeide_1.8.0/stm32cubeide/plugins/com.st.stm32cube.ide.mcu.externaltools.gnu-tools-for-stm32.9-2020-q2-update.win32_2.0.0.202105311346/tools/bin/../lib/gcc/arm-none-eabi/9.3.1/thumb/v7e-m+fp/hard\libgcc.a(_arm_fixunsdfsi.o)
                0x000000000800086c                __aeabi_d2uiz
                0x000000000800086c                __fixunsdfsi
 .text          0x00000000080008ac       0x30 c:/st/stm32cubeide_1.8.0/stm32cubeide/plugins/com.st.stm32cube.ide.mcu.externaltools.gnu-tools-for-stm32.9-2020-q2-update.win32_2.0.0.202105311346/tools/bin/../lib/gcc/arm-none-eabi/9.3.1/thumb/v7e-m+fp/hard\libgcc.a(_aeabi_uldivmod.o)
                0x00000000080008ac                __aeabi_uldivmod
 .text          0x00000000080008dc      0x2c4 c:/st/stm32cubeide_1.8.0/stm32cubeide/plugins/com.st.stm32cube.ide.mcu.externaltools.gnu-tools-for-stm32.9-2020-q2-update.win32_2.0.0.202105311346/tools/bin/../lib/gcc/arm-none-eabi/9.3.1/thumb/v7e-m+fp/hard\libgcc.a(_udivmoddi4.o)
                0x00000000080008dc                __udivmoddi4
 .text          0x0000000008000ba0        0x4 c:/st/stm32cubeide_1.8.0/stm32cubeide/plugins/com.st.stm32cube.ide.mcu.externaltools.gnu-tools-for-stm32.9-2020-q2-update.win32_2.0.0.202105311346/tools/bin/../lib/gcc/arm-none-eabi/9.3.1/thumb/v7e-m+fp/hard\libgcc.a(_dvmd_tls.o)
                0x0000000008000ba0                __aeabi_idiv0
                0x0000000008000ba0                __aeabi_ldiv0
 *(.text*)
 .text.Send_Uart
                0x0000000008000ba4       0x2c ./Core/Src/File_Handling.o
                0x0000000008000ba4                Send_Uart
 .text.Mount_USB
                0x0000000008000bd0       0x44 ./Core/Src/File_Handling.o
                0x0000000008000bd0                Mount_USB
 .text.Unmount_USB
                0x0000000008000c14       0x40 ./Core/Src/File_Handling.o
                0x0000000008000c14                Unmount_USB
 .text.Scan_USB
                0x0000000008000c54      0x14c ./Core/Src/File_Handling.o
                0x0000000008000c54                Scan_USB
 .text.Write_File
                0x0000000008000da0      0x188 ./Core/Src/File_Handling.o
                0x0000000008000da0                Write_File
 .text.Create_File
                0x0000000008000f28      0x138 ./Core/Src/File_Handling.o
                0x0000000008000f28                Create_File
 .text.Update_File
                0x0000000008001060      0x1b0 ./Core/Src/File_Handling.o
                0x0000000008001060                Update_File
 .text.Check_USB_Details
                0x0000000008001210       0xe8 ./Core/Src/File_Handling.o
                0x0000000008001210                Check_USB_Details
 .text.main     0x00000000080012f8       0x26 ./Core/Src/main.o
                0x00000000080012f8                main
 *fill*         0x000000000800131e        0x2 
 .text.SystemClock_Config
                0x0000000008001320       0xc4 ./Core/Src/main.o
                0x0000000008001320                SystemClock_Config
 .text.MX_I2C1_Init
                0x00000000080013e4       0x80 ./Core/Src/main.o
 .text.MX_USART2_UART_Init
                0x0000000008001464       0x60 ./Core/Src/main.o
 .text.MX_GPIO_Init
                0x00000000080014c4       0xcc ./Core/Src/main.o
 .text.Error_Handler
                0x0000000008001590        0xa ./Core/Src/main.o
                0x0000000008001590                Error_Handler
 *fill*         0x000000000800159a        0x2 
 .text.HAL_MspInit
                0x000000000800159c       0x48 ./Core/Src/stm32l4xx_hal_msp.o
                0x000000000800159c                HAL_MspInit
 .text.HAL_I2C_MspInit
                0x00000000080015e4       0xbc ./Core/Src/stm32l4xx_hal_msp.o
                0x00000000080015e4                HAL_I2C_MspInit
 .text.HAL_UART_MspInit
                0x00000000080016a0       0xb8 ./Core/Src/stm32l4xx_hal_msp.o
                0x00000000080016a0                HAL_UART_MspInit
 .text.NMI_Handler
                0x0000000008001758        0x6 ./Core/Src/stm32l4xx_it.o
                0x0000000008001758                NMI_Handler
 .text.HardFault_Handler
                0x000000000800175e        0x6 ./Core/Src/stm32l4xx_it.o
                0x000000000800175e                HardFault_Handler
 .text.MemManage_Handler
                0x0000000008001764        0x6 ./Core/Src/stm32l4xx_it.o
                0x0000000008001764                MemManage_Handler
 .text.BusFault_Handler
                0x000000000800176a        0x6 ./Core/Src/stm32l4xx_it.o
                0x000000000800176a                BusFault_Handler
 .text.UsageFault_Handler
                0x0000000008001770        0x6 ./Core/Src/stm32l4xx_it.o
                0x0000000008001770                UsageFault_Handler
 .text.SVC_Handler
                0x0000000008001776        0xe ./Core/Src/stm32l4xx_it.o
                0x0000000008001776                SVC_Handler
 .text.DebugMon_Handler
                0x0000000008001784        0xe ./Core/Src/stm32l4xx_it.o
                0x0000000008001784                DebugMon_Handler
 .text.PendSV_Handler
                0x0000000008001792        0xe ./Core/Src/stm32l4xx_it.o
                0x0000000008001792                PendSV_Handler
 .text.SysTick_Handler
                0x00000000080017a0        0xc ./Core/Src/stm32l4xx_it.o
                0x00000000080017a0                SysTick_Handler
 .text.OTG_FS_IRQHandler
                0x00000000080017ac       0x14 ./Core/Src/stm32l4xx_it.o
                0x00000000080017ac                OTG_FS_IRQHandler
 .text._sbrk    0x00000000080017c0       0x6c ./Core/Src/sysmem.o
                0x00000000080017c0                _sbrk
 .text.SystemInit
                0x000000000800182c       0x24 ./Core/Src/system_stm32l4xx.o
                0x000000000800182c                SystemInit
 .text.Reset_Handler
                0x0000000008001850       0x50 ./Core/Startup/startup_stm32l476rgtx.o
                0x0000000008001850                Reset_Handler
 .text.Default_Handler
                0x00000000080018a0        0x2 ./Core/Startup/startup_stm32l476rgtx.o
                0x00000000080018a0                RTC_Alarm_IRQHandler
                0x00000000080018a0                EXTI2_IRQHandler
                0x00000000080018a0                TIM8_TRG_COM_IRQHandler
                0x00000000080018a0                TIM8_CC_IRQHandler
                0x00000000080018a0                TIM1_CC_IRQHandler
                0x00000000080018a0                TSC_IRQHandler
                0x00000000080018a0                TAMP_STAMP_IRQHandler
                0x00000000080018a0                EXTI3_IRQHandler
                0x00000000080018a0                LPTIM2_IRQHandler
                0x00000000080018a0                DFSDM1_FLT1_IRQHandler
                0x00000000080018a0                I2C3_ER_IRQHandler
                0x00000000080018a0                DFSDM1_FLT2_IRQHandler
                0x00000000080018a0                EXTI0_IRQHandler
                0x00000000080018a0                I2C2_EV_IRQHandler
                0x00000000080018a0                CAN1_RX0_IRQHandler
                0x00000000080018a0                FPU_IRQHandler
                0x00000000080018a0                TIM1_UP_TIM16_IRQHandler
                0x00000000080018a0                ADC1_2_IRQHandler
                0x00000000080018a0                SPI1_IRQHandler
                0x00000000080018a0                TIM6_DAC_IRQHandler
                0x00000000080018a0                TIM8_UP_IRQHandler
                0x00000000080018a0                DMA2_Channel2_IRQHandler
                0x00000000080018a0                DMA1_Channel4_IRQHandler
                0x00000000080018a0                SAI2_IRQHandler
                0x00000000080018a0                DFSDM1_FLT3_IRQHandler
                0x00000000080018a0                USART3_IRQHandler
                0x00000000080018a0                DMA1_Channel7_IRQHandler
                0x00000000080018a0                CAN1_RX1_IRQHandler
                0x00000000080018a0                LCD_IRQHandler
                0x00000000080018a0                UART5_IRQHandler
                0x00000000080018a0                ADC3_IRQHandler
                0x00000000080018a0                TIM4_IRQHandler
                0x00000000080018a0                DMA2_Channel1_IRQHandler
                0x00000000080018a0                QUADSPI_IRQHandler
                0x00000000080018a0                I2C1_EV_IRQHandler
                0x00000000080018a0                DMA1_Channel6_IRQHandler
                0x00000000080018a0                UART4_IRQHandler
                0x00000000080018a0                DMA2_Channel4_IRQHandler
                0x00000000080018a0                TIM3_IRQHandler
                0x00000000080018a0                RCC_IRQHandler
                0x00000000080018a0                DMA1_Channel1_IRQHandler
                0x00000000080018a0                Default_Handler
                0x00000000080018a0                DMA2_Channel7_IRQHandler
                0x00000000080018a0                EXTI15_10_IRQHandler
                0x00000000080018a0                TIM7_IRQHandler
                0x00000000080018a0                SDMMC1_IRQHandler
                0x00000000080018a0                TIM5_IRQHandler
                0x00000000080018a0                I2C3_EV_IRQHandler
                0x00000000080018a0                EXTI9_5_IRQHandler
                0x00000000080018a0                RTC_WKUP_IRQHandler
                0x00000000080018a0                PVD_PVM_IRQHandler
                0x00000000080018a0                SPI2_IRQHandler
                0x00000000080018a0                CAN1_TX_IRQHandler
                0x00000000080018a0                DMA2_Channel5_IRQHandler
                0x00000000080018a0                DMA1_Channel5_IRQHandler
                0x00000000080018a0                EXTI4_IRQHandler
                0x00000000080018a0                RNG_IRQHandler
                0x00000000080018a0                TIM1_TRG_COM_TIM17_IRQHandler
                0x00000000080018a0                DMA1_Channel3_IRQHandler
                0x00000000080018a0                COMP_IRQHandler
                0x00000000080018a0                WWDG_IRQHandler
                0x00000000080018a0                LPUART1_IRQHandler
                0x00000000080018a0                DMA2_Channel6_IRQHandler
                0x00000000080018a0                TIM2_IRQHandler
                0x00000000080018a0                EXTI1_IRQHandler
                0x00000000080018a0                USART2_IRQHandler
                0x00000000080018a0                DFSDM1_FLT0_IRQHandler
                0x00000000080018a0                I2C2_ER_IRQHandler
                0x00000000080018a0                DMA1_Channel2_IRQHandler
                0x00000000080018a0                TIM8_BRK_IRQHandler
                0x00000000080018a0                CAN1_SCE_IRQHandler
                0x00000000080018a0                FLASH_IRQHandler
                0x00000000080018a0                USART1_IRQHandler
                0x00000000080018a0                SPI3_IRQHandler
                0x00000000080018a0                I2C1_ER_IRQHandler
                0x00000000080018a0                FMC_IRQHandler
                0x00000000080018a0                SWPMI1_IRQHandler
                0x00000000080018a0                LPTIM1_IRQHandler
                0x00000000080018a0                SAI1_IRQHandler
                0x00000000080018a0                DMA2_Channel3_IRQHandler
                0x00000000080018a0                TIM1_BRK_TIM15_IRQHandler
 *fill*         0x00000000080018a2        0x2 
 .text.HAL_Init
                0x00000000080018a4       0x40 ./Drivers/STM32L4xx_HAL_Driver/Src/stm32l4xx_hal.o
                0x00000000080018a4                HAL_Init
 .text.HAL_InitTick
                0x00000000080018e4       0x78 ./Drivers/STM32L4xx_HAL_Driver/Src/stm32l4xx_hal.o
                0x00000000080018e4                HAL_InitTick
 .text.HAL_IncTick
                0x000000000800195c       0x28 ./Drivers/STM32L4xx_HAL_Driver/Src/stm32l4xx_hal.o
                0x000000000800195c                HAL_IncTick
 .text.HAL_GetTick
                0x0000000008001984       0x18 ./Drivers/STM32L4xx_HAL_Driver/Src/stm32l4xx_hal.o
                0x0000000008001984                HAL_GetTick
 .text.HAL_Delay
                0x000000000800199c       0x48 ./Drivers/STM32L4xx_HAL_Driver/Src/stm32l4xx_hal.o
                0x000000000800199c                HAL_Delay
 .text.__NVIC_SetPriorityGrouping
                0x00000000080019e4       0x48 ./Drivers/STM32L4xx_HAL_Driver/Src/stm32l4xx_hal_cortex.o
 .text.__NVIC_GetPriorityGrouping
                0x0000000008001a2c       0x1c ./Drivers/STM32L4xx_HAL_Driver/Src/stm32l4xx_hal_cortex.o
 .text.__NVIC_EnableIRQ
                0x0000000008001a48       0x3c ./Drivers/STM32L4xx_HAL_Driver/Src/stm32l4xx_hal_cortex.o
 .text.__NVIC_SetPriority
                0x0000000008001a84       0x54 ./Drivers/STM32L4xx_HAL_Driver/Src/stm32l4xx_hal_cortex.o
 .text.NVIC_EncodePriority
                0x0000000008001ad8       0x66 ./Drivers/STM32L4xx_HAL_Driver/Src/stm32l4xx_hal_cortex.o
 *fill*         0x0000000008001b3e        0x2 
 .text.SysTick_Config
                0x0000000008001b40       0x44 ./Drivers/STM32L4xx_HAL_Driver/Src/stm32l4xx_hal_cortex.o
 .text.HAL_NVIC_SetPriorityGrouping
                0x0000000008001b84       0x16 ./Drivers/STM32L4xx_HAL_Driver/Src/stm32l4xx_hal_cortex.o
                0x0000000008001b84                HAL_NVIC_SetPriorityGrouping
 .text.HAL_NVIC_SetPriority
                0x0000000008001b9a       0x38 ./Drivers/STM32L4xx_HAL_Driver/Src/stm32l4xx_hal_cortex.o
                0x0000000008001b9a                HAL_NVIC_SetPriority
 .text.HAL_NVIC_EnableIRQ
                0x0000000008001bd2       0x1c ./Drivers/STM32L4xx_HAL_Driver/Src/stm32l4xx_hal_cortex.o
                0x0000000008001bd2                HAL_NVIC_EnableIRQ
 .text.HAL_SYSTICK_Config
                0x0000000008001bee       0x18 ./Drivers/STM32L4xx_HAL_Driver/Src/stm32l4xx_hal_cortex.o
                0x0000000008001bee                HAL_SYSTICK_Config
 *fill*         0x0000000008001c06        0x2 
 .text.HAL_GPIO_Init
                0x0000000008001c08      0x354 ./Drivers/STM32L4xx_HAL_Driver/Src/stm32l4xx_hal_gpio.o
                0x0000000008001c08                HAL_GPIO_Init
 .text.HAL_GPIO_WritePin
                0x0000000008001f5c       0x30 ./Drivers/STM32L4xx_HAL_Driver/Src/stm32l4xx_hal_gpio.o
                0x0000000008001f5c                HAL_GPIO_WritePin
 .text.HAL_HCD_Init
                0x0000000008001f8c       0xc4 ./Drivers/STM32L4xx_HAL_Driver/Src/stm32l4xx_hal_hcd.o
                0x0000000008001f8c                HAL_HCD_Init
 .text.HAL_HCD_HC_Init
                0x0000000008002050      0x11e ./Drivers/STM32L4xx_HAL_Driver/Src/stm32l4xx_hal_hcd.o
                0x0000000008002050                HAL_HCD_HC_Init
 .text.HAL_HCD_HC_Halt
                0x000000000800216e       0x46 ./Drivers/STM32L4xx_HAL_Driver/Src/stm32l4xx_hal_hcd.o
                0x000000000800216e                HAL_HCD_HC_Halt
 .text.HAL_HCD_HC_SubmitRequest
                0x00000000080021b4      0x2a4 ./Drivers/STM32L4xx_HAL_Driver/Src/stm32l4xx_hal_hcd.o
                0x00000000080021b4                HAL_HCD_HC_SubmitRequest
 .text.HAL_HCD_IRQHandler
                0x0000000008002458      0x216 ./Drivers/STM32L4xx_HAL_Driver/Src/stm32l4xx_hal_hcd.o
                0x0000000008002458                HAL_HCD_IRQHandler
 .text.HAL_HCD_Start
                0x000000000800266e       0x46 ./Drivers/STM32L4xx_HAL_Driver/Src/stm32l4xx_hal_hcd.o
                0x000000000800266e                HAL_HCD_Start
 .text.HAL_HCD_Stop
                0x00000000080026b4       0x3a ./Drivers/STM32L4xx_HAL_Driver/Src/stm32l4xx_hal_hcd.o
                0x00000000080026b4                HAL_HCD_Stop
 .text.HAL_HCD_ResetPort
                0x00000000080026ee       0x1c ./Drivers/STM32L4xx_HAL_Driver/Src/stm32l4xx_hal_hcd.o
                0x00000000080026ee                HAL_HCD_ResetPort
 .text.HAL_HCD_HC_GetURBState
                0x000000000800270a       0x28 ./Drivers/STM32L4xx_HAL_Driver/Src/stm32l4xx_hal_hcd.o
                0x000000000800270a                HAL_HCD_HC_GetURBState
 .text.HAL_HCD_HC_GetXferCount
                0x0000000008002732       0x28 ./Drivers/STM32L4xx_HAL_Driver/Src/stm32l4xx_hal_hcd.o
                0x0000000008002732                HAL_HCD_HC_GetXferCount
 .text.HAL_HCD_GetCurrentFrame
                0x000000000800275a       0x1c ./Drivers/STM32L4xx_HAL_Driver/Src/stm32l4xx_hal_hcd.o
                0x000000000800275a                HAL_HCD_GetCurrentFrame
 .text.HAL_HCD_GetCurrentSpeed
                0x0000000008002776       0x1c ./Drivers/STM32L4xx_HAL_Driver/Src/stm32l4xx_hal_hcd.o
                0x0000000008002776                HAL_HCD_GetCurrentSpeed
 .text.HCD_HC_IN_IRQHandler
                0x0000000008002792      0x666 ./Drivers/STM32L4xx_HAL_Driver/Src/stm32l4xx_hal_hcd.o
 .text.HCD_HC_OUT_IRQHandler
                0x0000000008002df8      0x604 ./Drivers/STM32L4xx_HAL_Driver/Src/stm32l4xx_hal_hcd.o
 .text.HCD_RXQLVL_IRQHandler
                0x00000000080033fc      0x1a4 ./Drivers/STM32L4xx_HAL_Driver/Src/stm32l4xx_hal_hcd.o
 .text.HCD_Port_IRQHandler
                0x00000000080035a0       0xe6 ./Drivers/STM32L4xx_HAL_Driver/Src/stm32l4xx_hal_hcd.o
 .text.HAL_I2C_Init
                0x0000000008003686      0x11e ./Drivers/STM32L4xx_HAL_Driver/Src/stm32l4xx_hal_i2c.o
                0x0000000008003686                HAL_I2C_Init
 .text.HAL_I2C_Master_Transmit
                0x00000000080037a4      0x1e8 ./Drivers/STM32L4xx_HAL_Driver/Src/stm32l4xx_hal_i2c.o
                0x00000000080037a4                HAL_I2C_Master_Transmit
 .text.HAL_I2C_Master_Receive
                0x000000000800398c      0x1ec ./Drivers/STM32L4xx_HAL_Driver/Src/stm32l4xx_hal_i2c.o
                0x000000000800398c                HAL_I2C_Master_Receive
 .text.I2C_Flush_TXDR
                0x0000000008003b78       0x48 ./Drivers/STM32L4xx_HAL_Driver/Src/stm32l4xx_hal_i2c.o
 .text.I2C_WaitOnFlagUntilTimeout
                0x0000000008003bc0       0x80 ./Drivers/STM32L4xx_HAL_Driver/Src/stm32l4xx_hal_i2c.o
 .text.I2C_WaitOnTXISFlagUntilTimeout
                0x0000000008003c40       0x80 ./Drivers/STM32L4xx_HAL_Driver/Src/stm32l4xx_hal_i2c.o
 .text.I2C_WaitOnSTOPFlagUntilTimeout
                0x0000000008003cc0       0x78 ./Drivers/STM32L4xx_HAL_Driver/Src/stm32l4xx_hal_i2c.o
 .text.I2C_WaitOnRXNEFlagUntilTimeout
                0x0000000008003d38       0xf4 ./Drivers/STM32L4xx_HAL_Driver/Src/stm32l4xx_hal_i2c.o
 .text.I2C_IsErrorOccurred
                0x0000000008003e2c      0x1d8 ./Drivers/STM32L4xx_HAL_Driver/Src/stm32l4xx_hal_i2c.o
 .text.I2C_TransferConfig
                0x0000000008004004       0x64 ./Drivers/STM32L4xx_HAL_Driver/Src/stm32l4xx_hal_i2c.o
 .text.HAL_I2CEx_ConfigAnalogFilter
                0x0000000008004068       0x96 ./Drivers/STM32L4xx_HAL_Driver/Src/stm32l4xx_hal_i2c_ex.o
                0x0000000008004068                HAL_I2CEx_ConfigAnalogFilter
 .text.HAL_I2CEx_ConfigDigitalFilter
                0x00000000080040fe       0x98 ./Drivers/STM32L4xx_HAL_Driver/Src/stm32l4xx_hal_i2c_ex.o
                0x00000000080040fe                HAL_I2CEx_ConfigDigitalFilter
 *fill*         0x0000000008004196        0x2 
 .text.HAL_PWR_EnableBkUpAccess
                0x0000000008004198       0x20 ./Drivers/STM32L4xx_HAL_Driver/Src/stm32l4xx_hal_pwr.o
                0x0000000008004198                HAL_PWR_EnableBkUpAccess
 .text.HAL_PWREx_GetVoltageRange
                0x00000000080041b8       0x1c ./Drivers/STM32L4xx_HAL_Driver/Src/stm32l4xx_hal_pwr_ex.o
                0x00000000080041b8                HAL_PWREx_GetVoltageRange
 .text.HAL_PWREx_ControlVoltageScaling
                0x00000000080041d4       0xac ./Drivers/STM32L4xx_HAL_Driver/Src/stm32l4xx_hal_pwr_ex.o
                0x00000000080041d4                HAL_PWREx_ControlVoltageScaling
 .text.HAL_PWREx_EnableVddUSB
                0x0000000008004280       0x20 ./Drivers/STM32L4xx_HAL_Driver/Src/stm32l4xx_hal_pwr_ex.o
                0x0000000008004280                HAL_PWREx_EnableVddUSB
 .text.HAL_RCC_OscConfig
                0x00000000080042a0      0x7b4 ./Drivers/STM32L4xx_HAL_Driver/Src/stm32l4xx_hal_rcc.o
                0x00000000080042a0                HAL_RCC_OscConfig
 .text.HAL_RCC_ClockConfig
                0x0000000008004a54      0x200 ./Drivers/STM32L4xx_HAL_Driver/Src/stm32l4xx_hal_rcc.o
                0x0000000008004a54                HAL_RCC_ClockConfig
 .text.HAL_RCC_GetSysClockFreq
                0x0000000008004c54      0x118 ./Drivers/STM32L4xx_HAL_Driver/Src/stm32l4xx_hal_rcc.o
                0x0000000008004c54                HAL_RCC_GetSysClockFreq
 .text.HAL_RCC_GetHCLKFreq
                0x0000000008004d6c       0x18 ./Drivers/STM32L4xx_HAL_Driver/Src/stm32l4xx_hal_rcc.o
                0x0000000008004d6c                HAL_RCC_GetHCLKFreq
 .text.HAL_RCC_GetPCLK1Freq
                0x0000000008004d84       0x2c ./Drivers/STM32L4xx_HAL_Driver/Src/stm32l4xx_hal_rcc.o
                0x0000000008004d84                HAL_RCC_GetPCLK1Freq
 .text.HAL_RCC_GetPCLK2Freq
                0x0000000008004db0       0x2c ./Drivers/STM32L4xx_HAL_Driver/Src/stm32l4xx_hal_rcc.o
                0x0000000008004db0                HAL_RCC_GetPCLK2Freq
 .text.RCC_SetFlashLatencyFromMSIRange
                0x0000000008004ddc       0xc0 ./Drivers/STM32L4xx_HAL_Driver/Src/stm32l4xx_hal_rcc.o
 .text.HAL_RCCEx_PeriphCLKConfig
                0x0000000008004e9c      0x5d4 ./Drivers/STM32L4xx_HAL_Driver/Src/stm32l4xx_hal_rcc_ex.o
                0x0000000008004e9c                HAL_RCCEx_PeriphCLKConfig
 .text.HAL_RCCEx_EnableMSIPLLMode
                0x0000000008005470       0x20 ./Drivers/STM32L4xx_HAL_Driver/Src/stm32l4xx_hal_rcc_ex.o
                0x0000000008005470                HAL_RCCEx_EnableMSIPLLMode
 .text.RCCEx_PLLSAI1_Config
                0x0000000008005490      0x1e8 ./Drivers/STM32L4xx_HAL_Driver/Src/stm32l4xx_hal_rcc_ex.o
 .text.RCCEx_PLLSAI2_Config
                0x0000000008005678      0x1bc ./Drivers/STM32L4xx_HAL_Driver/Src/stm32l4xx_hal_rcc_ex.o
 .text.HAL_UART_Init
                0x0000000008005834       0x9c ./Drivers/STM32L4xx_HAL_Driver/Src/stm32l4xx_hal_uart.o
                0x0000000008005834                HAL_UART_Init
 .text.HAL_UART_Transmit
                0x00000000080058d0      0x128 ./Drivers/STM32L4xx_HAL_Driver/Src/stm32l4xx_hal_uart.o
                0x00000000080058d0                HAL_UART_Transmit
 .text.UART_SetConfig
                0x00000000080059f8      0x514 ./Drivers/STM32L4xx_HAL_Driver/Src/stm32l4xx_hal_uart.o
                0x00000000080059f8                UART_SetConfig
 .text.UART_AdvFeatureConfig
                0x0000000008005f0c      0x144 ./Drivers/STM32L4xx_HAL_Driver/Src/stm32l4xx_hal_uart.o
                0x0000000008005f0c                UART_AdvFeatureConfig
 .text.UART_CheckIdleState
                0x0000000008006050       0x92 ./Drivers/STM32L4xx_HAL_Driver/Src/stm32l4xx_hal_uart.o
                0x0000000008006050                UART_CheckIdleState
 .text.UART_WaitOnFlagUntilTimeout
                0x00000000080060e2      0x188 ./Drivers/STM32L4xx_HAL_Driver/Src/stm32l4xx_hal_uart.o
                0x00000000080060e2                UART_WaitOnFlagUntilTimeout
 .text.USB_CoreInit
                0x000000000800626a       0x58 ./Drivers/STM32L4xx_HAL_Driver/Src/stm32l4xx_ll_usb.o
                0x000000000800626a                USB_CoreInit
 .text.USB_EnableGlobalInt
                0x00000000080062c2       0x22 ./Drivers/STM32L4xx_HAL_Driver/Src/stm32l4xx_ll_usb.o
                0x00000000080062c2                USB_EnableGlobalInt
 .text.USB_DisableGlobalInt
                0x00000000080062e4       0x22 ./Drivers/STM32L4xx_HAL_Driver/Src/stm32l4xx_ll_usb.o
                0x00000000080062e4                USB_DisableGlobalInt
 .text.USB_SetCurrentMode
                0x0000000008006306       0x98 ./Drivers/STM32L4xx_HAL_Driver/Src/stm32l4xx_ll_usb.o
                0x0000000008006306                USB_SetCurrentMode
 *fill*         0x000000000800639e        0x2 
 .text.USB_FlushTxFifo
                0x00000000080063a0       0x68 ./Drivers/STM32L4xx_HAL_Driver/Src/stm32l4xx_ll_usb.o
                0x00000000080063a0                USB_FlushTxFifo
 .text.USB_FlushRxFifo
                0x0000000008006408       0x60 ./Drivers/STM32L4xx_HAL_Driver/Src/stm32l4xx_ll_usb.o
                0x0000000008006408                USB_FlushRxFifo
 .text.USB_WritePacket
                0x0000000008006468       0x74 ./Drivers/STM32L4xx_HAL_Driver/Src/stm32l4xx_ll_usb.o
                0x0000000008006468                USB_WritePacket
 .text.USB_ReadPacket
                0x00000000080064dc       0xb0 ./Drivers/STM32L4xx_HAL_Driver/Src/stm32l4xx_ll_usb.o
                0x00000000080064dc                USB_ReadPacket
 .text.USB_ReadInterrupts
                0x000000000800658c       0x26 ./Drivers/STM32L4xx_HAL_Driver/Src/stm32l4xx_ll_usb.o
                0x000000000800658c                USB_ReadInterrupts
 .text.USB_GetMode
                0x00000000080065b2       0x1c ./Drivers/STM32L4xx_HAL_Driver/Src/stm32l4xx_ll_usb.o
                0x00000000080065b2                USB_GetMode
 *fill*         0x00000000080065ce        0x2 
 .text.USB_CoreReset
                0x00000000080065d0       0x68 ./Drivers/STM32L4xx_HAL_Driver/Src/stm32l4xx_ll_usb.o
 .text.USB_HostInit
                0x0000000008006638      0x104 ./Drivers/STM32L4xx_HAL_Driver/Src/stm32l4xx_ll_usb.o
                0x0000000008006638                USB_HostInit
 .text.USB_InitFSLSPClkSel
                0x000000000800673c       0x74 ./Drivers/STM32L4xx_HAL_Driver/Src/stm32l4xx_ll_usb.o
                0x000000000800673c                USB_InitFSLSPClkSel
 .text.USB_ResetPort
                0x00000000080067b0       0x54 ./Drivers/STM32L4xx_HAL_Driver/Src/stm32l4xx_ll_usb.o
                0x00000000080067b0                USB_ResetPort
 .text.USB_DriveVbus
                0x0000000008006804       0x72 ./Drivers/STM32L4xx_HAL_Driver/Src/stm32l4xx_ll_usb.o
                0x0000000008006804                USB_DriveVbus
 .text.USB_GetHostSpeed
                0x0000000008006876       0x2e ./Drivers/STM32L4xx_HAL_Driver/Src/stm32l4xx_ll_usb.o
                0x0000000008006876                USB_GetHostSpeed
 .text.USB_GetCurrentFrame
                0x00000000080068a4       0x22 ./Drivers/STM32L4xx_HAL_Driver/Src/stm32l4xx_ll_usb.o
                0x00000000080068a4                USB_GetCurrentFrame
 *fill*         0x00000000080068c6        0x2 
 .text.USB_HC_Init
                0x00000000080068c8      0x218 ./Drivers/STM32L4xx_HAL_Driver/Src/stm32l4xx_ll_usb.o
                0x00000000080068c8                USB_HC_Init
 .text.USB_HC_StartXfer
                0x0000000008006ae0      0x1f0 ./Drivers/STM32L4xx_HAL_Driver/Src/stm32l4xx_ll_usb.o
                0x0000000008006ae0                USB_HC_StartXfer
 .text.USB_HC_ReadInterrupt
                0x0000000008006cd0       0x22 ./Drivers/STM32L4xx_HAL_Driver/Src/stm32l4xx_ll_usb.o
                0x0000000008006cd0                USB_HC_ReadInterrupt
 .text.USB_HC_Halt
                0x0000000008006cf2      0x1f8 ./Drivers/STM32L4xx_HAL_Driver/Src/stm32l4xx_ll_usb.o
                0x0000000008006cf2                USB_HC_Halt
 .text.USB_StopHost
                0x0000000008006eea      0x124 ./Drivers/STM32L4xx_HAL_Driver/Src/stm32l4xx_ll_usb.o
                0x0000000008006eea                USB_StopHost
 *fill*         0x000000000800700e        0x2 
 .text.MX_FATFS_Init
                0x0000000008007010       0x24 ./FATFS/App/fatfs.o
                0x0000000008007010                MX_FATFS_Init
 .text.get_fattime
                0x0000000008007034       0x10 ./FATFS/App/fatfs.o
                0x0000000008007034                get_fattime
 .text.USBH_initialize
                0x0000000008007044       0x18 ./FATFS/Target/usbh_diskio.o
                0x0000000008007044                USBH_initialize
 .text.USBH_status
                0x000000000800705c       0x38 ./FATFS/Target/usbh_diskio.o
                0x000000000800705c                USBH_status
 .text.USBH_read
                0x0000000008007094       0x74 ./FATFS/Target/usbh_diskio.o
                0x0000000008007094                USBH_read
 .text.USBH_write
                0x0000000008007108       0x84 ./FATFS/Target/usbh_diskio.o
                0x0000000008007108                USBH_write
 .text.USBH_ioctl
                0x000000000800718c       0xd8 ./FATFS/Target/usbh_diskio.o
                0x000000000800718c                USBH_ioctl
 .text.USBH_MSC_InterfaceInit
                0x0000000008007264      0x216 ./Middlewares/ST/STM32_USB_Host_Library/Class/MSC/Src/usbh_msc.o
 .text.USBH_MSC_InterfaceDeInit
                0x000000000800747a       0x8c ./Middlewares/ST/STM32_USB_Host_Library/Class/MSC/Src/usbh_msc.o
 .text.USBH_MSC_ClassRequest
                0x0000000008007506       0xce ./Middlewares/ST/STM32_USB_Host_Library/Class/MSC/Src/usbh_msc.o
 .text.USBH_MSC_Process
                0x00000000080075d4      0x520 ./Middlewares/ST/STM32_USB_Host_Library/Class/MSC/Src/usbh_msc.o
 .text.USBH_MSC_SOFProcess
                0x0000000008007af4       0x16 ./Middlewares/ST/STM32_USB_Host_Library/Class/MSC/Src/usbh_msc.o
 .text.USBH_MSC_RdWrProcess
                0x0000000008007b0a      0x19e ./Middlewares/ST/STM32_USB_Host_Library/Class/MSC/Src/usbh_msc.o
 .text.USBH_MSC_UnitIsReady
                0x0000000008007ca8       0x4c ./Middlewares/ST/STM32_USB_Host_Library/Class/MSC/Src/usbh_msc.o
                0x0000000008007ca8                USBH_MSC_UnitIsReady
 .text.USBH_MSC_GetLUNInfo
                0x0000000008007cf4       0x48 ./Middlewares/ST/STM32_USB_Host_Library/Class/MSC/Src/usbh_msc.o
                0x0000000008007cf4                USBH_MSC_GetLUNInfo
 .text.USBH_MSC_Read
                0x0000000008007d3c       0xd2 ./Middlewares/ST/STM32_USB_Host_Library/Class/MSC/Src/usbh_msc.o
                0x0000000008007d3c                USBH_MSC_Read
 .text.USBH_MSC_Write
                0x0000000008007e0e       0xd2 ./Middlewares/ST/STM32_USB_Host_Library/Class/MSC/Src/usbh_msc.o
                0x0000000008007e0e                USBH_MSC_Write
 .text.USBH_MSC_BOT_REQ_Reset
                0x0000000008007ee0       0x3a ./Middlewares/ST/STM32_USB_Host_Library/Class/MSC/Src/usbh_msc_bot.o
                0x0000000008007ee0                USBH_MSC_BOT_REQ_Reset
 .text.USBH_MSC_BOT_REQ_GetMaxLUN
                0x0000000008007f1a       0x3c ./Middlewares/ST/STM32_USB_Host_Library/Class/MSC/Src/usbh_msc_bot.o
                0x0000000008007f1a                USBH_MSC_BOT_REQ_GetMaxLUN
 *fill*         0x0000000008007f56        0x2 
 .text.USBH_MSC_BOT_Init
                0x0000000008007f58       0x44 ./Middlewares/ST/STM32_USB_Host_Library/Class/MSC/Src/usbh_msc_bot.o
                0x0000000008007f58                USBH_MSC_BOT_Init
 .text.USBH_MSC_BOT_Process
                0x0000000008007f9c      0x39c ./Middlewares/ST/STM32_USB_Host_Library/Class/MSC/Src/usbh_msc_bot.o
                0x0000000008007f9c                USBH_MSC_BOT_Process
 .text.USBH_MSC_BOT_Abort
                0x0000000008008338       0x58 ./Middlewares/ST/STM32_USB_Host_Library/Class/MSC/Src/usbh_msc_bot.o
 .text.USBH_MSC_DecodeCSW
                0x0000000008008390       0x88 ./Middlewares/ST/STM32_USB_Host_Library/Class/MSC/Src/usbh_msc_bot.o
 .text.USBH_MSC_SCSI_TestUnitReady
                0x0000000008008418       0x86 ./Middlewares/ST/STM32_USB_Host_Library/Class/MSC/Src/usbh_msc_scsi.o
                0x0000000008008418                USBH_MSC_SCSI_TestUnitReady
 .text.USBH_MSC_SCSI_ReadCapacity
                0x000000000800849e       0xf6 ./Middlewares/ST/STM32_USB_Host_Library/Class/MSC/Src/usbh_msc_scsi.o
                0x000000000800849e                USBH_MSC_SCSI_ReadCapacity
 .text.USBH_MSC_SCSI_Inquiry
                0x0000000008008594      0x14a ./Middlewares/ST/STM32_USB_Host_Library/Class/MSC/Src/usbh_msc_scsi.o
                0x0000000008008594                USBH_MSC_SCSI_Inquiry
 .text.USBH_MSC_SCSI_RequestSense
                0x00000000080086de       0xf2 ./Middlewares/ST/STM32_USB_Host_Library/Class/MSC/Src/usbh_msc_scsi.o
                0x00000000080086de                USBH_MSC_SCSI_RequestSense
 .text.USBH_MSC_SCSI_Write
                0x00000000080087d0       0xd6 ./Middlewares/ST/STM32_USB_Host_Library/Class/MSC/Src/usbh_msc_scsi.o
                0x00000000080087d0                USBH_MSC_SCSI_Write
 .text.USBH_MSC_SCSI_Read
                0x00000000080088a6       0xd6 ./Middlewares/ST/STM32_USB_Host_Library/Class/MSC/Src/usbh_msc_scsi.o
                0x00000000080088a6                USBH_MSC_SCSI_Read
 .text.USBH_Init
                0x000000000800897c       0x74 ./Middlewares/ST/STM32_USB_Host_Library/Core/Src/usbh_core.o
                0x000000000800897c                USBH_Init
 .text.DeInitStateMachine
                0x00000000080089f0       0xa8 ./Middlewares/ST/STM32_USB_Host_Library/Core/Src/usbh_core.o
 .text.USBH_RegisterClass
                0x0000000008008a98       0x54 ./Middlewares/ST/STM32_USB_Host_Library/Core/Src/usbh_core.o
                0x0000000008008a98                USBH_RegisterClass
 .text.USBH_SelectInterface
                0x0000000008008aec       0x38 ./Middlewares/ST/STM32_USB_Host_Library/Core/Src/usbh_core.o
                0x0000000008008aec                USBH_SelectInterface
 .text.USBH_FindInterface
                0x0000000008008b24       0x8c ./Middlewares/ST/STM32_USB_Host_Library/Core/Src/usbh_core.o
                0x0000000008008b24                USBH_FindInterface
 .text.USBH_Start
                0x0000000008008bb0       0x20 ./Middlewares/ST/STM32_USB_Host_Library/Core/Src/usbh_core.o
                0x0000000008008bb0                USBH_Start
 .text.USBH_Process
                0x0000000008008bd0      0x3c0 ./Middlewares/ST/STM32_USB_Host_Library/Core/Src/usbh_core.o
                0x0000000008008bd0                USBH_Process
 .text.USBH_HandleEnum
                0x0000000008008f90      0x3c8 ./Middlewares/ST/STM32_USB_Host_Library/Core/Src/usbh_core.o
 .text.USBH_LL_SetTimer
                0x0000000008009358       0x1e ./Middlewares/ST/STM32_USB_Host_Library/Core/Src/usbh_core.o
                0x0000000008009358                USBH_LL_SetTimer
 .text.USBH_LL_IncTimer
                0x0000000008009376       0x24 ./Middlewares/ST/STM32_USB_Host_Library/Core/Src/usbh_core.o
                0x0000000008009376                USBH_LL_IncTimer
 .text.USBH_HandleSof
                0x000000000800939a       0x30 ./Middlewares/ST/STM32_USB_Host_Library/Core/Src/usbh_core.o
 .text.USBH_LL_PortEnabled
                0x00000000080093ca       0x1c ./Middlewares/ST/STM32_USB_Host_Library/Core/Src/usbh_core.o
                0x00000000080093ca                USBH_LL_PortEnabled
 .text.USBH_LL_PortDisabled
                0x00000000080093e6       0x1c ./Middlewares/ST/STM32_USB_Host_Library/Core/Src/usbh_core.o
                0x00000000080093e6                USBH_LL_PortDisabled
 .text.USBH_LL_Connect
                0x0000000008009402       0x2e ./Middlewares/ST/STM32_USB_Host_Library/Core/Src/usbh_core.o
                0x0000000008009402                USBH_LL_Connect
 .text.USBH_LL_Disconnect
                0x0000000008009430       0x48 ./Middlewares/ST/STM32_USB_Host_Library/Core/Src/usbh_core.o
                0x0000000008009430                USBH_LL_Disconnect
 .text.USBH_Get_DevDesc
                0x0000000008009478       0x50 ./Middlewares/ST/STM32_USB_Host_Library/Core/Src/usbh_ctlreq.o
                0x0000000008009478                USBH_Get_DevDesc
 .text.USBH_Get_CfgDesc
                0x00000000080094c8       0x48 ./Middlewares/ST/STM32_USB_Host_Library/Core/Src/usbh_ctlreq.o
                0x00000000080094c8                USBH_Get_CfgDesc
 .text.USBH_Get_StringDesc
                0x0000000008009510       0x56 ./Middlewares/ST/STM32_USB_Host_Library/Core/Src/usbh_ctlreq.o
                0x0000000008009510                USBH_Get_StringDesc
 .text.USBH_GetDescriptor
                0x0000000008009566       0x6a ./Middlewares/ST/STM32_USB_Host_Library/Core/Src/usbh_ctlreq.o
                0x0000000008009566                USBH_GetDescriptor
 .text.USBH_SetAddress
                0x00000000080095d0       0x48 ./Middlewares/ST/STM32_USB_Host_Library/Core/Src/usbh_ctlreq.o
                0x00000000080095d0                USBH_SetAddress
 .text.USBH_SetCfg
                0x0000000008009618       0x46 ./Middlewares/ST/STM32_USB_Host_Library/Core/Src/usbh_ctlreq.o
                0x0000000008009618                USBH_SetCfg
 .text.USBH_SetFeature
                0x000000000800965e       0x48 ./Middlewares/ST/STM32_USB_Host_Library/Core/Src/usbh_ctlreq.o
                0x000000000800965e                USBH_SetFeature
 .text.USBH_ClrFeature
                0x00000000080096a6       0x48 ./Middlewares/ST/STM32_USB_Host_Library/Core/Src/usbh_ctlreq.o
                0x00000000080096a6                USBH_ClrFeature
 .text.USBH_ParseDevDesc
                0x00000000080096ee       0xe0 ./Middlewares/ST/STM32_USB_Host_Library/Core/Src/usbh_ctlreq.o
 .text.USBH_ParseCfgDesc
                0x00000000080097ce      0x144 ./Middlewares/ST/STM32_USB_Host_Library/Core/Src/usbh_ctlreq.o
 .text.USBH_ParseInterfaceDesc
                0x0000000008009912       0x5e ./Middlewares/ST/STM32_USB_Host_Library/Core/Src/usbh_ctlreq.o
 .text.USBH_ParseEPDesc
                0x0000000008009970       0x5a ./Middlewares/ST/STM32_USB_Host_Library/Core/Src/usbh_ctlreq.o
 .text.USBH_ParseStringDesc
                0x00000000080099ca       0x66 ./Middlewares/ST/STM32_USB_Host_Library/Core/Src/usbh_ctlreq.o
 .text.USBH_GetNextDesc
                0x0000000008009a30       0x36 ./Middlewares/ST/STM32_USB_Host_Library/Core/Src/usbh_ctlreq.o
                0x0000000008009a30                USBH_GetNextDesc
 .text.USBH_CtlReq
                0x0000000008009a66       0x7a ./Middlewares/ST/STM32_USB_Host_Library/Core/Src/usbh_ctlreq.o
                0x0000000008009a66                USBH_CtlReq
 .text.USBH_HandleControl
                0x0000000008009ae0      0x2e8 ./Middlewares/ST/STM32_USB_Host_Library/Core/Src/usbh_ctlreq.o
 .text.USBH_CtlSendSetup
                0x0000000008009dc8       0x34 ./Middlewares/ST/STM32_USB_Host_Library/Core/Src/usbh_ioreq.o
                0x0000000008009dc8                USBH_CtlSendSetup
 .text.USBH_CtlSendData
                0x0000000008009dfc       0x4a ./Middlewares/ST/STM32_USB_Host_Library/Core/Src/usbh_ioreq.o
                0x0000000008009dfc                USBH_CtlSendData
 .text.USBH_CtlReceiveData
                0x0000000008009e46       0x3c ./Middlewares/ST/STM32_USB_Host_Library/Core/Src/usbh_ioreq.o
                0x0000000008009e46                USBH_CtlReceiveData
 .text.USBH_BulkSendData
                0x0000000008009e82       0x4a ./Middlewares/ST/STM32_USB_Host_Library/Core/Src/usbh_ioreq.o
                0x0000000008009e82                USBH_BulkSendData
 .text.USBH_BulkReceiveData
                0x0000000008009ecc       0x3c ./Middlewares/ST/STM32_USB_Host_Library/Core/Src/usbh_ioreq.o
                0x0000000008009ecc                USBH_BulkReceiveData
 .text.USBH_OpenPipe
                0x0000000008009f08       0x3e ./Middlewares/ST/STM32_USB_Host_Library/Core/Src/usbh_pipes.o
                0x0000000008009f08                USBH_OpenPipe
 .text.USBH_ClosePipe
                0x0000000008009f46       0x20 ./Middlewares/ST/STM32_USB_Host_Library/Core/Src/usbh_pipes.o
                0x0000000008009f46                USBH_ClosePipe
 .text.USBH_AllocPipe
                0x0000000008009f66       0x42 ./Middlewares/ST/STM32_USB_Host_Library/Core/Src/usbh_pipes.o
                0x0000000008009f66                USBH_AllocPipe
 .text.USBH_FreePipe
                0x0000000008009fa8       0x3c ./Middlewares/ST/STM32_USB_Host_Library/Core/Src/usbh_pipes.o
                0x0000000008009fa8                USBH_FreePipe
 .text.USBH_GetFreePipe
                0x0000000008009fe4       0x48 ./Middlewares/ST/STM32_USB_Host_Library/Core/Src/usbh_pipes.o
 .text.disk_status
                0x000000000800a02c       0x34 ./Middlewares/Third_Party/FatFs/src/diskio.o
                0x000000000800a02c                disk_status
 .text.disk_initialize
                0x000000000800a060       0x4c ./Middlewares/Third_Party/FatFs/src/diskio.o
                0x000000000800a060                disk_initialize
 .text.disk_read
                0x000000000800a0ac       0x40 ./Middlewares/Third_Party/FatFs/src/diskio.o
                0x000000000800a0ac                disk_read
 .text.disk_write
                0x000000000800a0ec       0x40 ./Middlewares/Third_Party/FatFs/src/diskio.o
                0x000000000800a0ec                disk_write
 .text.disk_ioctl
                0x000000000800a12c       0x3c ./Middlewares/Third_Party/FatFs/src/diskio.o
                0x000000000800a12c                disk_ioctl
 .text.ld_word  0x000000000800a168       0x30 ./Middlewares/Third_Party/FatFs/src/ff.o
 .text.ld_dword
                0x000000000800a198       0x46 ./Middlewares/Third_Party/FatFs/src/ff.o
 .text.st_word  0x000000000800a1de       0x36 ./Middlewares/Third_Party/FatFs/src/ff.o
 .text.st_dword
                0x000000000800a214       0x58 ./Middlewares/Third_Party/FatFs/src/ff.o
 .text.mem_cpy  0x000000000800a26c       0x42 ./Middlewares/Third_Party/FatFs/src/ff.o
 .text.mem_set  0x000000000800a2ae       0x36 ./Middlewares/Third_Party/FatFs/src/ff.o
 .text.mem_cmp  0x000000000800a2e4       0x4e ./Middlewares/Third_Party/FatFs/src/ff.o
 .text.chk_chr  0x000000000800a332       0x36 ./Middlewares/Third_Party/FatFs/src/ff.o
 .text.chk_lock
                0x000000000800a368       0xb8 ./Middlewares/Third_Party/FatFs/src/ff.o
 .text.enq_lock
                0x000000000800a420       0x44 ./Middlewares/Third_Party/FatFs/src/ff.o
 .text.inc_lock
                0x000000000800a464      0x11c ./Middlewares/Third_Party/FatFs/src/ff.o
 .text.dec_lock
                0x000000000800a580       0x78 ./Middlewares/Third_Party/FatFs/src/ff.o
 .text.clear_lock
                0x000000000800a5f8       0x48 ./Middlewares/Third_Party/FatFs/src/ff.o
 .text.sync_window
                0x000000000800a640       0x88 ./Middlewares/Third_Party/FatFs/src/ff.o
 .text.move_window
                0x000000000800a6c8       0x5a ./Middlewares/Third_Party/FatFs/src/ff.o
 *fill*         0x000000000800a722        0x2 
 .text.sync_fs  0x000000000800a724       0xdc ./Middlewares/Third_Party/FatFs/src/ff.o
 .text.clust2sect
                0x000000000800a800       0x3e ./Middlewares/Third_Party/FatFs/src/ff.o
 .text.get_fat  0x000000000800a83e      0x150 ./Middlewares/Third_Party/FatFs/src/ff.o
 .text.put_fat  0x000000000800a98e      0x1d8 ./Middlewares/Third_Party/FatFs/src/ff.o
 .text.remove_chain
                0x000000000800ab66       0xca ./Middlewares/Third_Party/FatFs/src/ff.o
 .text.create_chain
                0x000000000800ac30      0x130 ./Middlewares/Third_Party/FatFs/src/ff.o
 .text.clmt_clust
                0x000000000800ad60       0x68 ./Middlewares/Third_Party/FatFs/src/ff.o
 .text.dir_sdi  0x000000000800adc8       0xf6 ./Middlewares/Third_Party/FatFs/src/ff.o
 .text.dir_next
                0x000000000800aebe      0x18a ./Middlewares/Third_Party/FatFs/src/ff.o
 .text.dir_alloc
                0x000000000800b048       0x8e ./Middlewares/Third_Party/FatFs/src/ff.o
 .text.ld_clust
                0x000000000800b0d6       0x3e ./Middlewares/Third_Party/FatFs/src/ff.o
 .text.st_clust
                0x000000000800b114       0x40 ./Middlewares/Third_Party/FatFs/src/ff.o
 .text.cmp_lfn  0x000000000800b154       0xe0 ./Middlewares/Third_Party/FatFs/src/ff.o
 .text.pick_lfn
                0x000000000800b234       0xc8 ./Middlewares/Third_Party/FatFs/src/ff.o
 .text.put_lfn  0x000000000800b2fc       0xd0 ./Middlewares/Third_Party/FatFs/src/ff.o
 .text.gen_numname
                0x000000000800b3cc      0x120 ./Middlewares/Third_Party/FatFs/src/ff.o
 .text.sum_sfn  0x000000000800b4ec       0x42 ./Middlewares/Third_Party/FatFs/src/ff.o
 .text.dir_read
                0x000000000800b52e      0x14e ./Middlewares/Third_Party/FatFs/src/ff.o
 .text.dir_find
                0x000000000800b67c      0x180 ./Middlewares/Third_Party/FatFs/src/ff.o
 .text.dir_register
                0x000000000800b7fc      0x1f0 ./Middlewares/Third_Party/FatFs/src/ff.o
 .text.get_fileinfo
                0x000000000800b9ec      0x1ba ./Middlewares/Third_Party/FatFs/src/ff.o
 *fill*         0x000000000800bba6        0x2 
 .text.create_name
                0x000000000800bba8      0x370 ./Middlewares/Third_Party/FatFs/src/ff.o
 .text.follow_path
                0x000000000800bf18       0xe2 ./Middlewares/Third_Party/FatFs/src/ff.o
 .text.get_ldnumber
                0x000000000800bffa       0x88 ./Middlewares/Third_Party/FatFs/src/ff.o
 *fill*         0x000000000800c082        0x2 
 .text.check_fs
                0x000000000800c084       0xac ./Middlewares/Third_Party/FatFs/src/ff.o
 .text.find_volume
                0x000000000800c130      0x4a4 ./Middlewares/Third_Party/FatFs/src/ff.o
 .text.validate
                0x000000000800c5d4       0x6a ./Middlewares/Third_Party/FatFs/src/ff.o
 *fill*         0x000000000800c63e        0x2 
 .text.f_mount  0x000000000800c640       0x8c ./Middlewares/Third_Party/FatFs/src/ff.o
                0x000000000800c640                f_mount
 .text.f_open   0x000000000800c6cc      0x37c ./Middlewares/Third_Party/FatFs/src/ff.o
                0x000000000800c6cc                f_open
 .text.f_write  0x000000000800ca48      0x2ea ./Middlewares/Third_Party/FatFs/src/ff.o
                0x000000000800ca48                f_write
 .text.f_sync   0x000000000800cd32       0xfc ./Middlewares/Third_Party/FatFs/src/ff.o
                0x000000000800cd32                f_sync
 .text.f_close  0x000000000800ce2e       0x54 ./Middlewares/Third_Party/FatFs/src/ff.o
                0x000000000800ce2e                f_close
 .text.f_opendir
                0x000000000800ce82       0xe6 ./Middlewares/Third_Party/FatFs/src/ff.o
                0x000000000800ce82                f_opendir
 .text.f_closedir
                0x000000000800cf68       0x4c ./Middlewares/Third_Party/FatFs/src/ff.o
                0x000000000800cf68                f_closedir
 .text.f_readdir
                0x000000000800cfb4       0x7a ./Middlewares/Third_Party/FatFs/src/ff.o
                0x000000000800cfb4                f_readdir
 .text.f_stat   0x000000000800d02e       0x72 ./Middlewares/Third_Party/FatFs/src/ff.o
                0x000000000800d02e                f_stat
 .text.f_getfree
                0x000000000800d0a0      0x16a ./Middlewares/Third_Party/FatFs/src/ff.o
                0x000000000800d0a0                f_getfree
 *fill*         0x000000000800d20a        0x2 
 .text.FATFS_LinkDriverEx
                0x000000000800d20c       0x98 ./Middlewares/Third_Party/FatFs/src/ff_gen_drv.o
                0x000000000800d20c                FATFS_LinkDriverEx
 .text.FATFS_LinkDriver
                0x000000000800d2a4       0x1e ./Middlewares/Third_Party/FatFs/src/ff_gen_drv.o
                0x000000000800d2a4                FATFS_LinkDriver
 *fill*         0x000000000800d2c2        0x2 
 .text.ff_convert
                0x000000000800d2c4       0x78 ./Middlewares/Third_Party/FatFs/src/option/ccsbcs.o
                0x000000000800d2c4                ff_convert
 .text.ff_wtoupper
                0x000000000800d33c      0x114 ./Middlewares/Third_Party/FatFs/src/option/ccsbcs.o
                0x000000000800d33c                ff_wtoupper
 .text.MX_USB_HOST_Init
                0x000000000800d450       0x4c ./USB_HOST/App/usb_host.o
                0x000000000800d450                MX_USB_HOST_Init
 .text.MX_USB_HOST_Process
                0x000000000800d49c       0x14 ./USB_HOST/App/usb_host.o
                0x000000000800d49c                MX_USB_HOST_Process
 .text.USBH_UserProcess
                0x000000000800d4b0      0x248 ./USB_HOST/App/usb_host.o
 .text.HAL_HCD_MspInit
                0x000000000800d6f8      0x124 ./USB_HOST/Target/usbh_conf.o
                0x000000000800d6f8                HAL_HCD_MspInit
 .text.HAL_HCD_SOF_Callback
                0x000000000800d81c       0x1c ./USB_HOST/Target/usbh_conf.o
                0x000000000800d81c                HAL_HCD_SOF_Callback
 .text.HAL_HCD_Connect_Callback
                0x000000000800d838       0x1c ./USB_HOST/Target/usbh_conf.o
                0x000000000800d838                HAL_HCD_Connect_Callback
 .text.HAL_HCD_Disconnect_Callback
                0x000000000800d854       0x1c ./USB_HOST/Target/usbh_conf.o
                0x000000000800d854                HAL_HCD_Disconnect_Callback
 .text.HAL_HCD_HC_NotifyURBChange_Callback
                0x000000000800d870       0x1c ./USB_HOST/Target/usbh_conf.o
                0x000000000800d870                HAL_HCD_HC_NotifyURBChange_Callback
 .text.HAL_HCD_PortEnabled_Callback
                0x000000000800d88c       0x1c ./USB_HOST/Target/usbh_conf.o
                0x000000000800d88c                HAL_HCD_PortEnabled_Callback
 .text.HAL_HCD_PortDisabled_Callback
                0x000000000800d8a8       0x1c ./USB_HOST/Target/usbh_conf.o
                0x000000000800d8a8                HAL_HCD_PortDisabled_Callback
 .text.USBH_LL_Init
                0x000000000800d8c4       0x78 ./USB_HOST/Target/usbh_conf.o
                0x000000000800d8c4                USBH_LL_Init
 .text.USBH_LL_Start
                0x000000000800d93c       0x36 ./USB_HOST/Target/usbh_conf.o
                0x000000000800d93c                USBH_LL_Start
 .text.USBH_LL_Stop
                0x000000000800d972       0x36 ./USB_HOST/Target/usbh_conf.o
                0x000000000800d972                USBH_LL_Stop
 .text.USBH_LL_GetSpeed
                0x000000000800d9a8       0x4e ./USB_HOST/Target/usbh_conf.o
                0x000000000800d9a8                USBH_LL_GetSpeed
 .text.USBH_LL_ResetPort
                0x000000000800d9f6       0x36 ./USB_HOST/Target/usbh_conf.o
                0x000000000800d9f6                USBH_LL_ResetPort
 .text.USBH_LL_GetLastXferSize
                0x000000000800da2c       0x26 ./USB_HOST/Target/usbh_conf.o
                0x000000000800da2c                USBH_LL_GetLastXferSize
 .text.USBH_LL_OpenPipe
                0x000000000800da52       0x5e ./USB_HOST/Target/usbh_conf.o
                0x000000000800da52                USBH_LL_OpenPipe
 .text.USBH_LL_ClosePipe
                0x000000000800dab0       0x3e ./USB_HOST/Target/usbh_conf.o
                0x000000000800dab0                USBH_LL_ClosePipe
 .text.USBH_LL_SubmitURB
                0x000000000800daee       0x62 ./USB_HOST/Target/usbh_conf.o
                0x000000000800daee                USBH_LL_SubmitURB
 .text.USBH_LL_GetURBState
                0x000000000800db50       0x26 ./USB_HOST/Target/usbh_conf.o
                0x000000000800db50                USBH_LL_GetURBState
 .text.USBH_LL_DriverVBUS
                0x000000000800db76       0x1c ./USB_HOST/Target/usbh_conf.o
                0x000000000800db76                USBH_LL_DriverVBUS
 .text.USBH_LL_SetToggle
                0x000000000800db92       0x60 ./USB_HOST/Target/usbh_conf.o
                0x000000000800db92                USBH_LL_SetToggle
 .text.USBH_LL_GetToggle
                0x000000000800dbf2       0x60 ./USB_HOST/Target/usbh_conf.o
                0x000000000800dbf2                USBH_LL_GetToggle
 .text.USBH_Delay
                0x000000000800dc52       0x16 ./USB_HOST/Target/usbh_conf.o
                0x000000000800dc52                USBH_Delay
 .text.USBH_Get_USB_Status
                0x000000000800dc68       0x58 ./USB_HOST/Target/usbh_conf.o
                0x000000000800dc68                USBH_Get_USB_Status
 .text.__errno  0x000000000800dcc0        0xc c:/st/stm32cubeide_1.8.0/stm32cubeide/plugins/com.st.stm32cube.ide.mcu.externaltools.gnu-tools-for-stm32.9-2020-q2-update.win32_2.0.0.202105311346/tools/bin/../lib/gcc/arm-none-eabi/9.3.1/../../../../arm-none-eabi/lib/thumb/v7e-m+fp/hard\libc_nano.a(lib_a-errno.o)
                0x000000000800dcc0                __errno
 .text.__libc_init_array
                0x000000000800dccc       0x48 c:/st/stm32cubeide_1.8.0/stm32cubeide/plugins/com.st.stm32cube.ide.mcu.externaltools.gnu-tools-for-stm32.9-2020-q2-update.win32_2.0.0.202105311346/tools/bin/../lib/gcc/arm-none-eabi/9.3.1/../../../../arm-none-eabi/lib/thumb/v7e-m+fp/hard\libc_nano.a(lib_a-init.o)
                0x000000000800dccc                __libc_init_array
 .text.malloc   0x000000000800dd14       0x10 c:/st/stm32cubeide_1.8.0/stm32cubeide/plugins/com.st.stm32cube.ide.mcu.externaltools.gnu-tools-for-stm32.9-2020-q2-update.win32_2.0.0.202105311346/tools/bin/../lib/gcc/arm-none-eabi/9.3.1/../../../../arm-none-eabi/lib/thumb/v7e-m+fp/hard\libc_nano.a(lib_a-malloc.o)
                0x000000000800dd14                malloc
 .text.free     0x000000000800dd24       0x10 c:/st/stm32cubeide_1.8.0/stm32cubeide/plugins/com.st.stm32cube.ide.mcu.externaltools.gnu-tools-for-stm32.9-2020-q2-update.win32_2.0.0.202105311346/tools/bin/../lib/gcc/arm-none-eabi/9.3.1/../../../../arm-none-eabi/lib/thumb/v7e-m+fp/hard\libc_nano.a(lib_a-malloc.o)
                0x000000000800dd24                free
 .text.memcpy   0x000000000800dd34       0x1c c:/st/stm32cubeide_1.8.0/stm32cubeide/plugins/com.st.stm32cube.ide.mcu.externaltools.gnu-tools-for-stm32.9-2020-q2-update.win32_2.0.0.202105311346/tools/bin/../lib/gcc/arm-none-eabi/9.3.1/../../../../arm-none-eabi/lib/thumb/v7e-m+fp/hard\libc_nano.a(lib_a-memcpy-stub.o)
                0x000000000800dd34                memcpy
 .text.memset   0x000000000800dd50       0x10 c:/st/stm32cubeide_1.8.0/stm32cubeide/plugins/com.st.stm32cube.ide.mcu.externaltools.gnu-tools-for-stm32.9-2020-q2-update.win32_2.0.0.202105311346/tools/bin/../lib/gcc/arm-none-eabi/9.3.1/../../../../arm-none-eabi/lib/thumb/v7e-m+fp/hard\libc_nano.a(lib_a-memset.o)
                0x000000000800dd50                memset
 .text._free_r  0x000000000800dd60       0xa0 c:/st/stm32cubeide_1.8.0/stm32cubeide/plugins/com.st.stm32cube.ide.mcu.externaltools.gnu-tools-for-stm32.9-2020-q2-update.win32_2.0.0.202105311346/tools/bin/../lib/gcc/arm-none-eabi/9.3.1/../../../../arm-none-eabi/lib/thumb/v7e-m+fp/hard\libc_nano.a(lib_a-nano-freer.o)
                0x000000000800dd60                _free_r
 .text._malloc_r
                0x000000000800de00       0xb4 c:/st/stm32cubeide_1.8.0/stm32cubeide/plugins/com.st.stm32cube.ide.mcu.externaltools.gnu-tools-for-stm32.9-2020-q2-update.win32_2.0.0.202105311346/tools/bin/../lib/gcc/arm-none-eabi/9.3.1/../../../../arm-none-eabi/lib/thumb/v7e-m+fp/hard\libc_nano.a(lib_a-nano-mallocr.o)
                0x000000000800de00                _malloc_r
 .text._sbrk_r  0x000000000800deb4       0x20 c:/st/stm32cubeide_1.8.0/stm32cubeide/plugins/com.st.stm32cube.ide.mcu.externaltools.gnu-tools-for-stm32.9-2020-q2-update.win32_2.0.0.202105311346/tools/bin/../lib/gcc/arm-none-eabi/9.3.1/../../../../arm-none-eabi/lib/thumb/v7e-m+fp/hard\libc_nano.a(lib_a-sbrkr.o)
                0x000000000800deb4                _sbrk_r
 .text.sprintf  0x000000000800ded4       0x40 c:/st/stm32cubeide_1.8.0/stm32cubeide/plugins/com.st.stm32cube.ide.mcu.externaltools.gnu-tools-for-stm32.9-2020-q2-update.win32_2.0.0.202105311346/tools/bin/../lib/gcc/arm-none-eabi/9.3.1/../../../../arm-none-eabi/lib/thumb/v7e-m+fp/hard\libc_nano.a(lib_a-sprintf.o)
                0x000000000800ded4                siprintf
                0x000000000800ded4                sprintf
 .text.__malloc_lock
                0x000000000800df14        0xc c:/st/stm32cubeide_1.8.0/stm32cubeide/plugins/com.st.stm32cube.ide.mcu.externaltools.gnu-tools-for-stm32.9-2020-q2-update.win32_2.0.0.202105311346/tools/bin/../lib/gcc/arm-none-eabi/9.3.1/../../../../arm-none-eabi/lib/thumb/v7e-m+fp/hard\libc_nano.a(lib_a-mlock.o)
                0x000000000800df14                __malloc_lock
 .text.__malloc_unlock
                0x000000000800df20        0xc c:/st/stm32cubeide_1.8.0/stm32cubeide/plugins/com.st.stm32cube.ide.mcu.externaltools.gnu-tools-for-stm32.9-2020-q2-update.win32_2.0.0.202105311346/tools/bin/../lib/gcc/arm-none-eabi/9.3.1/../../../../arm-none-eabi/lib/thumb/v7e-m+fp/hard\libc_nano.a(lib_a-mlock.o)
                0x000000000800df20                __malloc_unlock
 .text.__ssputs_r
                0x000000000800df2c       0xb6 c:/st/stm32cubeide_1.8.0/stm32cubeide/plugins/com.st.stm32cube.ide.mcu.externaltools.gnu-tools-for-stm32.9-2020-q2-update.win32_2.0.0.202105311346/tools/bin/../lib/gcc/arm-none-eabi/9.3.1/../../../../arm-none-eabi/lib/thumb/v7e-m+fp/hard\libc_nano.a(lib_a-nano-svfprintf.o)
                0x000000000800df2c                __ssputs_r
 *fill*         0x000000000800dfe2        0x2 
 .text._svfprintf_r
                0x000000000800dfe4      0x200 c:/st/stm32cubeide_1.8.0/stm32cubeide/plugins/com.st.stm32cube.ide.mcu.externaltools.gnu-tools-for-stm32.9-2020-q2-update.win32_2.0.0.202105311346/tools/bin/../lib/gcc/arm-none-eabi/9.3.1/../../../../arm-none-eabi/lib/thumb/v7e-m+fp/hard\libc_nano.a(lib_a-nano-svfprintf.o)
                0x000000000800dfe4                _svfiprintf_r
                0x000000000800dfe4                _svfprintf_r
 .text._printf_common
                0x000000000800e1e4       0xda c:/st/stm32cubeide_1.8.0/stm32cubeide/plugins/com.st.stm32cube.ide.mcu.externaltools.gnu-tools-for-stm32.9-2020-q2-update.win32_2.0.0.202105311346/tools/bin/../lib/gcc/arm-none-eabi/9.3.1/../../../../arm-none-eabi/lib/thumb/v7e-m+fp/hard\libc_nano.a(lib_a-nano-vfprintf_i.o)
                0x000000000800e1e4                _printf_common
 *fill*         0x000000000800e2be        0x2 
 .text._printf_i
                0x000000000800e2c0      0x24c c:/st/stm32cubeide_1.8.0/stm32cubeide/plugins/com.st.stm32cube.ide.mcu.externaltools.gnu-tools-for-stm32.9-2020-q2-update.win32_2.0.0.202105311346/tools/bin/../lib/gcc/arm-none-eabi/9.3.1/../../../../arm-none-eabi/lib/thumb/v7e-m+fp/hard\libc_nano.a(lib_a-nano-vfprintf_i.o)
                0x000000000800e2c0                _printf_i
 .text.__retarget_lock_acquire_recursive
                0x000000000800e50c        0x2 c:/st/stm32cubeide_1.8.0/stm32cubeide/plugins/com.st.stm32cube.ide.mcu.externaltools.gnu-tools-for-stm32.9-2020-q2-update.win32_2.0.0.202105311346/tools/bin/../lib/gcc/arm-none-eabi/9.3.1/../../../../arm-none-eabi/lib/thumb/v7e-m+fp/hard\libc_nano.a(lib_a-lock.o)
                0x000000000800e50c                __retarget_lock_acquire_recursive
 .text.__retarget_lock_release_recursive
                0x000000000800e50e        0x2 c:/st/stm32cubeide_1.8.0/stm32cubeide/plugins/com.st.stm32cube.ide.mcu.externaltools.gnu-tools-for-stm32.9-2020-q2-update.win32_2.0.0.202105311346/tools/bin/../lib/gcc/arm-none-eabi/9.3.1/../../../../arm-none-eabi/lib/thumb/v7e-m+fp/hard\libc_nano.a(lib_a-lock.o)
                0x000000000800e50e                __retarget_lock_release_recursive
 .text.memmove  0x000000000800e510       0x34 c:/st/stm32cubeide_1.8.0/stm32cubeide/plugins/com.st.stm32cube.ide.mcu.externaltools.gnu-tools-for-stm32.9-2020-q2-update.win32_2.0.0.202105311346/tools/bin/../lib/gcc/arm-none-eabi/9.3.1/../../../../arm-none-eabi/lib/thumb/v7e-m+fp/hard\libc_nano.a(lib_a-memmove.o)
                0x000000000800e510                memmove
 .text._realloc_r
                0x000000000800e544       0x4c c:/st/stm32cubeide_1.8.0/stm32cubeide/plugins/com.st.stm32cube.ide.mcu.externaltools.gnu-tools-for-stm32.9-2020-q2-update.win32_2.0.0.202105311346/tools/bin/../lib/gcc/arm-none-eabi/9.3.1/../../../../arm-none-eabi/lib/thumb/v7e-m+fp/hard\libc_nano.a(lib_a-nano-reallocr.o)
                0x000000000800e544                _realloc_r
 .text._malloc_usable_size_r
                0x000000000800e590       0x10 c:/st/stm32cubeide_1.8.0/stm32cubeide/plugins/com.st.stm32cube.ide.mcu.externaltools.gnu-tools-for-stm32.9-2020-q2-update.win32_2.0.0.202105311346/tools/bin/../lib/gcc/arm-none-eabi/9.3.1/../../../../arm-none-eabi/lib/thumb/v7e-m+fp/hard\libc_nano.a(lib_a-nano-msizer.o)
                0x000000000800e590                _malloc_usable_size_r
 *(.glue_7)
 .glue_7        0x000000000800e5a0        0x0 linker stubs
 *(.glue_7t)
 .glue_7t       0x000000000800e5a0        0x0 linker stubs
 *(.eh_frame)
 .eh_frame      0x000000000800e5a0        0x0 c:/st/stm32cubeide_1.8.0/stm32cubeide/plugins/com.st.stm32cube.ide.mcu.externaltools.gnu-tools-for-stm32.9-2020-q2-update.win32_2.0.0.202105311346/tools/bin/../lib/gcc/arm-none-eabi/9.3.1/thumb/v7e-m+fp/hard/crtbegin.o
 *(.init)
 .init          0x000000000800e5a0        0x4 c:/st/stm32cubeide_1.8.0/stm32cubeide/plugins/com.st.stm32cube.ide.mcu.externaltools.gnu-tools-for-stm32.9-2020-q2-update.win32_2.0.0.202105311346/tools/bin/../lib/gcc/arm-none-eabi/9.3.1/thumb/v7e-m+fp/hard/crti.o
                0x000000000800e5a0                _init
 .init          0x000000000800e5a4        0x8 c:/st/stm32cubeide_1.8.0/stm32cubeide/plugins/com.st.stm32cube.ide.mcu.externaltools.gnu-tools-for-stm32.9-2020-q2-update.win32_2.0.0.202105311346/tools/bin/../lib/gcc/arm-none-eabi/9.3.1/thumb/v7e-m+fp/hard/crtn.o
 *(.fini)
 .fini          0x000000000800e5ac        0x4 c:/st/stm32cubeide_1.8.0/stm32cubeide/plugins/com.st.stm32cube.ide.mcu.externaltools.gnu-tools-for-stm32.9-2020-q2-update.win32_2.0.0.202105311346/tools/bin/../lib/gcc/arm-none-eabi/9.3.1/thumb/v7e-m+fp/hard/crti.o
                0x000000000800e5ac                _fini
 .fini          0x000000000800e5b0        0x8 c:/st/stm32cubeide_1.8.0/stm32cubeide/plugins/com.st.stm32cube.ide.mcu.externaltools.gnu-tools-for-stm32.9-2020-q2-update.win32_2.0.0.202105311346/tools/bin/../lib/gcc/arm-none-eabi/9.3.1/thumb/v7e-m+fp/hard/crtn.o
                0x000000000800e5b8                . = ALIGN (0x4)
                0x000000000800e5b8                _etext = .

.vfp11_veneer   0x000000000800e5b8        0x0
 .vfp11_veneer  0x000000000800e5b8        0x0 linker stubs

.v4_bx          0x000000000800e5b8        0x0
 .v4_bx         0x000000000800e5b8        0x0 linker stubs

.iplt           0x000000000800e5b8        0x0
 .iplt          0x000000000800e5b8        0x0 c:/st/stm32cubeide_1.8.0/stm32cubeide/plugins/com.st.stm32cube.ide.mcu.externaltools.gnu-tools-for-stm32.9-2020-q2-update.win32_2.0.0.202105311346/tools/bin/../lib/gcc/arm-none-eabi/9.3.1/thumb/v7e-m+fp/hard/crtbegin.o

.rodata         0x000000000800e5b8      0xa40
                0x000000000800e5b8                . = ALIGN (0x4)
 *(.rodata)
 .rodata        0x000000000800e5b8      0x4d6 ./Core/Src/File_Handling.o
 *fill*         0x000000000800ea8e        0x2 
 .rodata        0x000000000800ea90        0x4 ./Middlewares/ST/STM32_USB_Host_Library/Class/MSC/Src/usbh_msc.o
 .rodata        0x000000000800ea94       0x48 ./Middlewares/Third_Party/FatFs/src/ff.o
 .rodata        0x000000000800eadc       0x4c ./USB_HOST/App/usb_host.o
 *(.rodata*)
 .rodata.AHBPrescTable
                0x000000000800eb28       0x10 ./Core/Src/system_stm32l4xx.o
                0x000000000800eb28                AHBPrescTable
 .rodata.APBPrescTable
                0x000000000800eb38        0x8 ./Core/Src/system_stm32l4xx.o
                0x000000000800eb38                APBPrescTable
 .rodata.MSIRangeTable
                0x000000000800eb40       0x30 ./Core/Src/system_stm32l4xx.o
                0x000000000800eb40                MSIRangeTable
 .rodata.USBH_Driver
                0x000000000800eb70       0x14 ./FATFS/Target/usbh_diskio.o
                0x000000000800eb70                USBH_Driver
 .rodata.ExCvt  0x000000000800eb84       0x80 ./Middlewares/Third_Party/FatFs/src/ff.o
 .rodata.LfnOfs
                0x000000000800ec04        0xd ./Middlewares/Third_Party/FatFs/src/ff.o
 *fill*         0x000000000800ec11        0x3 
 .rodata.Tbl    0x000000000800ec14      0x100 ./Middlewares/Third_Party/FatFs/src/option/ccsbcs.o
 .rodata.cvt1.11084
                0x000000000800ed14      0x1f2 ./Middlewares/Third_Party/FatFs/src/option/ccsbcs.o
 *fill*         0x000000000800ef06        0x2 
 .rodata.cvt2.11085
                0x000000000800ef08       0xbc ./Middlewares/Third_Party/FatFs/src/option/ccsbcs.o
 .rodata._svfprintf_r.str1.1
                0x000000000800efc4       0x11 c:/st/stm32cubeide_1.8.0/stm32cubeide/plugins/com.st.stm32cube.ide.mcu.externaltools.gnu-tools-for-stm32.9-2020-q2-update.win32_2.0.0.202105311346/tools/bin/../lib/gcc/arm-none-eabi/9.3.1/../../../../arm-none-eabi/lib/thumb/v7e-m+fp/hard\libc_nano.a(lib_a-nano-svfprintf.o)
 .rodata._printf_i.str1.1
                0x000000000800efd5       0x22 c:/st/stm32cubeide_1.8.0/stm32cubeide/plugins/com.st.stm32cube.ide.mcu.externaltools.gnu-tools-for-stm32.9-2020-q2-update.win32_2.0.0.202105311346/tools/bin/../lib/gcc/arm-none-eabi/9.3.1/../../../../arm-none-eabi/lib/thumb/v7e-m+fp/hard\libc_nano.a(lib_a-nano-vfprintf_i.o)
                0x000000000800eff8                . = ALIGN (0x4)
 *fill*         0x000000000800eff7        0x1 

.ARM.extab      0x000000000800eff8        0x0
                0x000000000800eff8                . = ALIGN (0x4)
 *(.ARM.extab* .gnu.linkonce.armextab.*)
                0x000000000800eff8                . = ALIGN (0x4)

.ARM            0x000000000800eff8        0x8
                0x000000000800eff8                . = ALIGN (0x4)
                0x000000000800eff8                __exidx_start = .
 *(.ARM.exidx*)
 .ARM.exidx     0x000000000800eff8        0x8 c:/st/stm32cubeide_1.8.0/stm32cubeide/plugins/com.st.stm32cube.ide.mcu.externaltools.gnu-tools-for-stm32.9-2020-q2-update.win32_2.0.0.202105311346/tools/bin/../lib/gcc/arm-none-eabi/9.3.1/thumb/v7e-m+fp/hard\libgcc.a(_udivmoddi4.o)
                0x000000000800f000                __exidx_end = .
                0x000000000800f000                . = ALIGN (0x4)

.rel.dyn        0x000000000800f000        0x0
 .rel.iplt      0x000000000800f000        0x0 c:/st/stm32cubeide_1.8.0/stm32cubeide/plugins/com.st.stm32cube.ide.mcu.externaltools.gnu-tools-for-stm32.9-2020-q2-update.win32_2.0.0.202105311346/tools/bin/../lib/gcc/arm-none-eabi/9.3.1/thumb/v7e-m+fp/hard/crtbegin.o

.preinit_array  0x000000000800f000        0x0
                0x000000000800f000                . = ALIGN (0x4)
                0x000000000800f000                PROVIDE (__preinit_array_start = .)
 *(.preinit_array*)
                0x000000000800f000                PROVIDE (__preinit_array_end = .)
                0x000000000800f000                . = ALIGN (0x4)

.init_array     0x000000000800f000        0x4
                0x000000000800f000                . = ALIGN (0x4)
                0x000000000800f000                PROVIDE (__init_array_start = .)
 *(SORT_BY_NAME(.init_array.*))
 *(.init_array*)
 .init_array    0x000000000800f000        0x4 c:/st/stm32cubeide_1.8.0/stm32cubeide/plugins/com.st.stm32cube.ide.mcu.externaltools.gnu-tools-for-stm32.9-2020-q2-update.win32_2.0.0.202105311346/tools/bin/../lib/gcc/arm-none-eabi/9.3.1/thumb/v7e-m+fp/hard/crtbegin.o
                0x000000000800f004                PROVIDE (__init_array_end = .)
                0x000000000800f004                . = ALIGN (0x4)

.fini_array     0x000000000800f004        0x4
                0x000000000800f004                . = ALIGN (0x4)
                [!provide]                        PROVIDE (__fini_array_start = .)
 *(SORT_BY_NAME(.fini_array.*))
 *(.fini_array*)
 .fini_array    0x000000000800f004        0x4 c:/st/stm32cubeide_1.8.0/stm32cubeide/plugins/com.st.stm32cube.ide.mcu.externaltools.gnu-tools-for-stm32.9-2020-q2-update.win32_2.0.0.202105311346/tools/bin/../lib/gcc/arm-none-eabi/9.3.1/thumb/v7e-m+fp/hard/crtbegin.o
                [!provide]                        PROVIDE (__fini_array_end = .)
                0x000000000800f008                . = ALIGN (0x4)
                0x000000000800f008                _sidata = LOADADDR (.data)

.data           0x0000000020000000       0x9c load address 0x000000000800f008
                0x0000000020000000                . = ALIGN (0x4)
                0x0000000020000000                _sdata = .
 *(.data)
 *(.data*)
 .data.SystemCoreClock
                0x0000000020000000        0x4 ./Core/Src/system_stm32l4xx.o
                0x0000000020000000                SystemCoreClock
 .data.uwTickPrio
                0x0000000020000004        0x4 ./Drivers/STM32L4xx_HAL_Driver/Src/stm32l4xx_hal.o
                0x0000000020000004                uwTickPrio
 .data.uwTickFreq
                0x0000000020000008        0x1 ./Drivers/STM32L4xx_HAL_Driver/Src/stm32l4xx_hal.o
                0x0000000020000008                uwTickFreq
 *fill*         0x0000000020000009        0x3 
 .data.USBH_msc
                0x000000002000000c       0x20 ./Middlewares/ST/STM32_USB_Host_Library/Class/MSC/Src/usbh_msc.o
                0x000000002000000c                USBH_msc
 .data.HT221_read
                0x000000002000002c        0x1 ./USB_HOST/App/usb_host.o
                0x000000002000002c                HT221_read
 .data.HT221_write
                0x000000002000002d        0x1 ./USB_HOST/App/usb_host.o
                0x000000002000002d                HT221_write
 .data.tempout_lo
                0x000000002000002e        0x1 ./USB_HOST/App/usb_host.o
                0x000000002000002e                tempout_lo
 .data.tempout_hi
                0x000000002000002f        0x1 ./USB_HOST/App/usb_host.o
                0x000000002000002f                tempout_hi
 .data.data     0x0000000020000030        0x1 ./USB_HOST/App/usb_host.o
                0x0000000020000030                data
 *fill*         0x0000000020000031        0x3 
 .data.sensor_on
                0x0000000020000034        0x2 ./USB_HOST/App/usb_host.o
                0x0000000020000034                sensor_on
 *fill*         0x0000000020000036        0x2 
 .data._impure_ptr
                0x0000000020000038        0x4 c:/st/stm32cubeide_1.8.0/stm32cubeide/plugins/com.st.stm32cube.ide.mcu.externaltools.gnu-tools-for-stm32.9-2020-q2-update.win32_2.0.0.202105311346/tools/bin/../lib/gcc/arm-none-eabi/9.3.1/../../../../arm-none-eabi/lib/thumb/v7e-m+fp/hard\libc_nano.a(lib_a-impure.o)
                0x0000000020000038                _impure_ptr
 .data.impure_data
                0x000000002000003c       0x60 c:/st/stm32cubeide_1.8.0/stm32cubeide/plugins/com.st.stm32cube.ide.mcu.externaltools.gnu-tools-for-stm32.9-2020-q2-update.win32_2.0.0.202105311346/tools/bin/../lib/gcc/arm-none-eabi/9.3.1/../../../../arm-none-eabi/lib/thumb/v7e-m+fp/hard\libc_nano.a(lib_a-impure.o)
 *(.RamFunc)
 *(.RamFunc*)
                0x000000002000009c                . = ALIGN (0x4)
                0x000000002000009c                _edata = .

.igot.plt       0x000000002000009c        0x0 load address 0x000000000800f0a4
 .igot.plt      0x000000002000009c        0x0 c:/st/stm32cubeide_1.8.0/stm32cubeide/plugins/com.st.stm32cube.ide.mcu.externaltools.gnu-tools-for-stm32.9-2020-q2-update.win32_2.0.0.202105311346/tools/bin/../lib/gcc/arm-none-eabi/9.3.1/thumb/v7e-m+fp/hard/crtbegin.o
                0x000000002000009c                . = ALIGN (0x4)

.bss            0x000000002000009c     0x1030 load address 0x000000000800f0a4
                0x000000002000009c                _sbss = .
                0x000000002000009c                __bss_start__ = _sbss
 *(.bss)
 .bss           0x000000002000009c       0x1c c:/st/stm32cubeide_1.8.0/stm32cubeide/plugins/com.st.stm32cube.ide.mcu.externaltools.gnu-tools-for-stm32.9-2020-q2-update.win32_2.0.0.202105311346/tools/bin/../lib/gcc/arm-none-eabi/9.3.1/thumb/v7e-m+fp/hard/crtbegin.o
 *(.bss*)
 .bss.__sbrk_heap_end
                0x00000000200000b8        0x4 ./Core/Src/sysmem.o
 .bss.FatFs     0x00000000200000bc        0x4 ./Middlewares/Third_Party/FatFs/src/ff.o
 .bss.Fsid      0x00000000200000c0        0x2 ./Middlewares/Third_Party/FatFs/src/ff.o
 *fill*         0x00000000200000c2        0x2 
 .bss.Files     0x00000000200000c4       0x20 ./Middlewares/Third_Party/FatFs/src/ff.o
 .bss.LfnBuf    0x00000000200000e4      0x200 ./Middlewares/Third_Party/FatFs/src/ff.o
 .bss.disk      0x00000000200002e4        0xc ./Middlewares/Third_Party/FatFs/src/ff_gen_drv.o
                0x00000000200002e4                disk
 .bss.Appli_state
                0x00000000200002f0        0x1 ./USB_HOST/App/usb_host.o
                0x00000000200002f0                Appli_state
 *fill*         0x00000000200002f1        0x3 
 .bss.__malloc_free_list
                0x00000000200002f4        0x4 c:/st/stm32cubeide_1.8.0/stm32cubeide/plugins/com.st.stm32cube.ide.mcu.externaltools.gnu-tools-for-stm32.9-2020-q2-update.win32_2.0.0.202105311346/tools/bin/../lib/gcc/arm-none-eabi/9.3.1/../../../../arm-none-eabi/lib/thumb/v7e-m+fp/hard\libc_nano.a(lib_a-nano-mallocr.o)
                0x00000000200002f4                __malloc_free_list
 .bss.__malloc_sbrk_start
                0x00000000200002f8        0x4 c:/st/stm32cubeide_1.8.0/stm32cubeide/plugins/com.st.stm32cube.ide.mcu.externaltools.gnu-tools-for-stm32.9-2020-q2-update.win32_2.0.0.202105311346/tools/bin/../lib/gcc/arm-none-eabi/9.3.1/../../../../arm-none-eabi/lib/thumb/v7e-m+fp/hard\libc_nano.a(lib_a-nano-mallocr.o)
                0x00000000200002f8                __malloc_sbrk_start
 *(COMMON)
 COMMON         0x00000000200002fc      0x134 ./Core/Src/File_Handling.o
                0x00000000200002fc                fre_clust
                0x0000000020000300                br
                0x0000000020000304                pUSBHFatFS
                0x0000000020000308                free_space
                0x000000002000030c                bw
                0x0000000020000310                fresult
                0x0000000020000314                USBHfno
                0x000000002000042c                total
 COMMON         0x0000000020000430       0xd8 ./Core/Src/main.o
                0x0000000020000430                hi2c1
                0x0000000020000484                huart2
 COMMON         0x0000000020000508        0x4 ./Drivers/STM32L4xx_HAL_Driver/Src/stm32l4xx_hal.o
                0x0000000020000508                uwTick
 COMMON         0x000000002000050c      0x469 ./FATFS/App/fatfs.o
                0x000000002000050c                USBHPath
                0x0000000020000510                USBHFile
                0x0000000020000740                USBHFatFS
                0x0000000020000974                retUSBH
 *fill*         0x0000000020000975        0x3 
 COMMON         0x0000000020000978      0x440 ./USB_HOST/App/usb_host.o
                0x0000000020000978                hUsbHostFS
                0x0000000020000d50                msg
                0x0000000020000db4                temp
                0x0000000020000db6                temp_hi
                0x0000000020000db7                temp_lo
 COMMON         0x0000000020000db8      0x304 ./USB_HOST/Target/usbh_conf.o
                0x0000000020000db8                hhcd_USB_OTG_FS
 COMMON         0x00000000200010bc        0x4 c:/st/stm32cubeide_1.8.0/stm32cubeide/plugins/com.st.stm32cube.ide.mcu.externaltools.gnu-tools-for-stm32.9-2020-q2-update.win32_2.0.0.202105311346/tools/bin/../lib/gcc/arm-none-eabi/9.3.1/../../../../arm-none-eabi/lib/thumb/v7e-m+fp/hard\libc_nano.a(lib_a-reent.o)
                0x00000000200010bc                errno
 COMMON         0x00000000200010c0        0x9 c:/st/stm32cubeide_1.8.0/stm32cubeide/plugins/com.st.stm32cube.ide.mcu.externaltools.gnu-tools-for-stm32.9-2020-q2-update.win32_2.0.0.202105311346/tools/bin/../lib/gcc/arm-none-eabi/9.3.1/../../../../arm-none-eabi/lib/thumb/v7e-m+fp/hard\libc_nano.a(lib_a-lock.o)
                0x00000000200010c0                __lock___atexit_recursive_mutex
                0x00000000200010c1                __lock___arc4random_mutex
                0x00000000200010c2                __lock___env_recursive_mutex
                0x00000000200010c3                __lock___sinit_recursive_mutex
                0x00000000200010c4                __lock___malloc_recursive_mutex
                0x00000000200010c5                __lock___at_quick_exit_mutex
                0x00000000200010c6                __lock___dd_hash_mutex
                0x00000000200010c7                __lock___tz_mutex
                0x00000000200010c8                __lock___sfp_recursive_mutex
                0x00000000200010cc                . = ALIGN (0x4)
 *fill*         0x00000000200010c9        0x3 
                0x00000000200010cc                _ebss = .
                0x00000000200010cc                __bss_end__ = _ebss

._user_heap_stack
                0x00000000200010cc      0x604 load address 0x000000000800f0a4
                0x00000000200010d0                . = ALIGN (0x8)
 *fill*         0x00000000200010cc        0x4 
                [!provide]                        PROVIDE (end = .)
                0x00000000200010d0                PROVIDE (_end = .)
                0x00000000200012d0                . = (. + _Min_Heap_Size)
 *fill*         0x00000000200010d0      0x200 
                0x00000000200016d0                . = (. + _Min_Stack_Size)
 *fill*         0x00000000200012d0      0x400 
                0x00000000200016d0                . = ALIGN (0x8)

/DISCARD/
 libc.a(*)
 libm.a(*)
 libgcc.a(*)

.ARM.attributes
                0x0000000000000000       0x30
 *(.ARM.attributes)
 .ARM.attributes
                0x0000000000000000       0x1e c:/st/stm32cubeide_1.8.0/stm32cubeide/plugins/com.st.stm32cube.ide.mcu.externaltools.gnu-tools-for-stm32.9-2020-q2-update.win32_2.0.0.202105311346/tools/bin/../lib/gcc/arm-none-eabi/9.3.1/thumb/v7e-m+fp/hard/crti.o
 .ARM.attributes
                0x000000000000001e       0x34 c:/st/stm32cubeide_1.8.0/stm32cubeide/plugins/com.st.stm32cube.ide.mcu.externaltools.gnu-tools-for-stm32.9-2020-q2-update.win32_2.0.0.202105311346/tools/bin/../lib/gcc/arm-none-eabi/9.3.1/thumb/v7e-m+fp/hard/crtbegin.o
 .ARM.attributes
                0x0000000000000052       0x34 ./Core/Src/File_Handling.o
 .ARM.attributes
                0x0000000000000086       0x34 ./Core/Src/main.o
 .ARM.attributes
                0x00000000000000ba       0x34 ./Core/Src/stm32l4xx_hal_msp.o
 .ARM.attributes
                0x00000000000000ee       0x34 ./Core/Src/stm32l4xx_it.o
 .ARM.attributes
                0x0000000000000122       0x34 ./Core/Src/sysmem.o
 .ARM.attributes
                0x0000000000000156       0x34 ./Core/Src/system_stm32l4xx.o
 .ARM.attributes
                0x000000000000018a       0x21 ./Core/Startup/startup_stm32l476rgtx.o
 .ARM.attributes
                0x00000000000001ab       0x34 ./Drivers/STM32L4xx_HAL_Driver/Src/stm32l4xx_hal.o
 .ARM.attributes
                0x00000000000001df       0x34 ./Drivers/STM32L4xx_HAL_Driver/Src/stm32l4xx_hal_cortex.o
 .ARM.attributes
                0x0000000000000213       0x34 ./Drivers/STM32L4xx_HAL_Driver/Src/stm32l4xx_hal_gpio.o
 .ARM.attributes
                0x0000000000000247       0x34 ./Drivers/STM32L4xx_HAL_Driver/Src/stm32l4xx_hal_hcd.o
 .ARM.attributes
                0x000000000000027b       0x34 ./Drivers/STM32L4xx_HAL_Driver/Src/stm32l4xx_hal_i2c.o
 .ARM.attributes
                0x00000000000002af       0x34 ./Drivers/STM32L4xx_HAL_Driver/Src/stm32l4xx_hal_i2c_ex.o
 .ARM.attributes
                0x00000000000002e3       0x34 ./Drivers/STM32L4xx_HAL_Driver/Src/stm32l4xx_hal_pwr.o
 .ARM.attributes
                0x0000000000000317       0x34 ./Drivers/STM32L4xx_HAL_Driver/Src/stm32l4xx_hal_pwr_ex.o
 .ARM.attributes
                0x000000000000034b       0x34 ./Drivers/STM32L4xx_HAL_Driver/Src/stm32l4xx_hal_rcc.o
 .ARM.attributes
                0x000000000000037f       0x34 ./Drivers/STM32L4xx_HAL_Driver/Src/stm32l4xx_hal_rcc_ex.o
 .ARM.attributes
                0x00000000000003b3       0x34 ./Drivers/STM32L4xx_HAL_Driver/Src/stm32l4xx_hal_uart.o
 .ARM.attributes
                0x00000000000003e7       0x34 ./Drivers/STM32L4xx_HAL_Driver/Src/stm32l4xx_ll_usb.o
 .ARM.attributes
                0x000000000000041b       0x34 ./FATFS/App/fatfs.o
 .ARM.attributes
                0x000000000000044f       0x34 ./FATFS/Target/usbh_diskio.o
 .ARM.attributes
                0x0000000000000483       0x34 ./Middlewares/ST/STM32_USB_Host_Library/Class/MSC/Src/usbh_msc.o
 .ARM.attributes
                0x00000000000004b7       0x34 ./Middlewares/ST/STM32_USB_Host_Library/Class/MSC/Src/usbh_msc_bot.o
 .ARM.attributes
                0x00000000000004eb       0x34 ./Middlewares/ST/STM32_USB_Host_Library/Class/MSC/Src/usbh_msc_scsi.o
 .ARM.attributes
                0x000000000000051f       0x34 ./Middlewares/ST/STM32_USB_Host_Library/Core/Src/usbh_core.o
 .ARM.attributes
                0x0000000000000553       0x34 ./Middlewares/ST/STM32_USB_Host_Library/Core/Src/usbh_ctlreq.o
 .ARM.attributes
                0x0000000000000587       0x34 ./Middlewares/ST/STM32_USB_Host_Library/Core/Src/usbh_ioreq.o
 .ARM.attributes
                0x00000000000005bb       0x34 ./Middlewares/ST/STM32_USB_Host_Library/Core/Src/usbh_pipes.o
 .ARM.attributes
                0x00000000000005ef       0x34 ./Middlewares/Third_Party/FatFs/src/diskio.o
 .ARM.attributes
                0x0000000000000623       0x34 ./Middlewares/Third_Party/FatFs/src/ff.o
 .ARM.attributes
                0x0000000000000657       0x34 ./Middlewares/Third_Party/FatFs/src/ff_gen_drv.o
 .ARM.attributes
                0x000000000000068b       0x34 ./Middlewares/Third_Party/FatFs/src/option/ccsbcs.o
 .ARM.attributes
                0x00000000000006bf       0x34 ./USB_HOST/App/usb_host.o
 .ARM.attributes
                0x00000000000006f3       0x34 ./USB_HOST/Target/usbh_conf.o
 .ARM.attributes
                0x0000000000000727       0x34 c:/st/stm32cubeide_1.8.0/stm32cubeide/plugins/com.st.stm32cube.ide.mcu.externaltools.gnu-tools-for-stm32.9-2020-q2-update.win32_2.0.0.202105311346/tools/bin/../lib/gcc/arm-none-eabi/9.3.1/../../../../arm-none-eabi/lib/thumb/v7e-m+fp/hard\libc_nano.a(lib_a-errno.o)
 .ARM.attributes
                0x000000000000075b       0x32 c:/st/stm32cubeide_1.8.0/stm32cubeide/plugins/com.st.stm32cube.ide.mcu.externaltools.gnu-tools-for-stm32.9-2020-q2-update.win32_2.0.0.202105311346/tools/bin/../lib/gcc/arm-none-eabi/9.3.1/../../../../arm-none-eabi/lib/thumb/v7e-m+fp/hard\libc_nano.a(lib_a-impure.o)
 .ARM.attributes
                0x000000000000078d       0x34 c:/st/stm32cubeide_1.8.0/stm32cubeide/plugins/com.st.stm32cube.ide.mcu.externaltools.gnu-tools-for-stm32.9-2020-q2-update.win32_2.0.0.202105311346/tools/bin/../lib/gcc/arm-none-eabi/9.3.1/../../../../arm-none-eabi/lib/thumb/v7e-m+fp/hard\libc_nano.a(lib_a-init.o)
 .ARM.attributes
                0x00000000000007c1       0x34 c:/st/stm32cubeide_1.8.0/stm32cubeide/plugins/com.st.stm32cube.ide.mcu.externaltools.gnu-tools-for-stm32.9-2020-q2-update.win32_2.0.0.202105311346/tools/bin/../lib/gcc/arm-none-eabi/9.3.1/../../../../arm-none-eabi/lib/thumb/v7e-m+fp/hard\libc_nano.a(lib_a-malloc.o)
 .ARM.attributes
                0x00000000000007f5       0x34 c:/st/stm32cubeide_1.8.0/stm32cubeide/plugins/com.st.stm32cube.ide.mcu.externaltools.gnu-tools-for-stm32.9-2020-q2-update.win32_2.0.0.202105311346/tools/bin/../lib/gcc/arm-none-eabi/9.3.1/../../../../arm-none-eabi/lib/thumb/v7e-m+fp/hard\libc_nano.a(lib_a-memcpy-stub.o)
 .ARM.attributes
                0x0000000000000829       0x34 c:/st/stm32cubeide_1.8.0/stm32cubeide/plugins/com.st.stm32cube.ide.mcu.externaltools.gnu-tools-for-stm32.9-2020-q2-update.win32_2.0.0.202105311346/tools/bin/../lib/gcc/arm-none-eabi/9.3.1/../../../../arm-none-eabi/lib/thumb/v7e-m+fp/hard\libc_nano.a(lib_a-memset.o)
 .ARM.attributes